Archive member included to satisfy reference by file (symbol)

/home/lth/st/stm32cubeide_1.6.0/plugins/com.st.stm32cube.ide.mcu.externaltools.gnu-tools-for-stm32.9-2020-q2-update.linux64_1.5.0.202011040924/tools/bin/../lib/gcc/arm-none-eabi/9.3.1/../../../../arm-none-eabi/lib/thumb/v7e-m+fp/hard/libc_nano.a(lib_a-errno.o)
                              Core/Src/syscalls.o (__errno)
/home/lth/st/stm32cubeide_1.6.0/plugins/com.st.stm32cube.ide.mcu.externaltools.gnu-tools-for-stm32.9-2020-q2-update.linux64_1.5.0.202011040924/tools/bin/../lib/gcc/arm-none-eabi/9.3.1/../../../../arm-none-eabi/lib/thumb/v7e-m+fp/hard/libc_nano.a(lib_a-exit.o)
                              /home/lth/st/stm32cubeide_1.6.0/plugins/com.st.stm32cube.ide.mcu.externaltools.gnu-tools-for-stm32.9-2020-q2-update.linux64_1.5.0.202011040924/tools/bin/../lib/gcc/arm-none-eabi/9.3.1/../../../../arm-none-eabi/lib/thumb/v7e-m+fp/hard/crt0.o (exit)
/home/lth/st/stm32cubeide_1.6.0/plugins/com.st.stm32cube.ide.mcu.externaltools.gnu-tools-for-stm32.9-2020-q2-update.linux64_1.5.0.202011040924/tools/bin/../lib/gcc/arm-none-eabi/9.3.1/../../../../arm-none-eabi/lib/thumb/v7e-m+fp/hard/libc_nano.a(lib_a-impure.o)
                              /home/lth/st/stm32cubeide_1.6.0/plugins/com.st.stm32cube.ide.mcu.externaltools.gnu-tools-for-stm32.9-2020-q2-update.linux64_1.5.0.202011040924/tools/bin/../lib/gcc/arm-none-eabi/9.3.1/../../../../arm-none-eabi/lib/thumb/v7e-m+fp/hard/libc_nano.a(lib_a-exit.o) (_global_impure_ptr)
/home/lth/st/stm32cubeide_1.6.0/plugins/com.st.stm32cube.ide.mcu.externaltools.gnu-tools-for-stm32.9-2020-q2-update.linux64_1.5.0.202011040924/tools/bin/../lib/gcc/arm-none-eabi/9.3.1/../../../../arm-none-eabi/lib/thumb/v7e-m+fp/hard/libc_nano.a(lib_a-init.o)
                              /home/lth/st/stm32cubeide_1.6.0/plugins/com.st.stm32cube.ide.mcu.externaltools.gnu-tools-for-stm32.9-2020-q2-update.linux64_1.5.0.202011040924/tools/bin/../lib/gcc/arm-none-eabi/9.3.1/../../../../arm-none-eabi/lib/thumb/v7e-m+fp/hard/crt0.o (__libc_init_array)
/home/lth/st/stm32cubeide_1.6.0/plugins/com.st.stm32cube.ide.mcu.externaltools.gnu-tools-for-stm32.9-2020-q2-update.linux64_1.5.0.202011040924/tools/bin/../lib/gcc/arm-none-eabi/9.3.1/../../../../arm-none-eabi/lib/thumb/v7e-m+fp/hard/libc_nano.a(lib_a-memset.o)
                              /home/lth/st/stm32cubeide_1.6.0/plugins/com.st.stm32cube.ide.mcu.externaltools.gnu-tools-for-stm32.9-2020-q2-update.linux64_1.5.0.202011040924/tools/bin/../lib/gcc/arm-none-eabi/9.3.1/../../../../arm-none-eabi/lib/thumb/v7e-m+fp/hard/crt0.o (memset)
/home/lth/st/stm32cubeide_1.6.0/plugins/com.st.stm32cube.ide.mcu.externaltools.gnu-tools-for-stm32.9-2020-q2-update.linux64_1.5.0.202011040924/tools/bin/../lib/gcc/arm-none-eabi/9.3.1/thumb/v7e-m+fp/hard/libgcc.a(_aeabi_uldivmod.o)
                              Drivers/STM32F4xx_HAL_Driver/Src/stm32f4xx_hal_rcc.o (__aeabi_uldivmod)
/home/lth/st/stm32cubeide_1.6.0/plugins/com.st.stm32cube.ide.mcu.externaltools.gnu-tools-for-stm32.9-2020-q2-update.linux64_1.5.0.202011040924/tools/bin/../lib/gcc/arm-none-eabi/9.3.1/thumb/v7e-m+fp/hard/libgcc.a(_udivmoddi4.o)
                              /home/lth/st/stm32cubeide_1.6.0/plugins/com.st.stm32cube.ide.mcu.externaltools.gnu-tools-for-stm32.9-2020-q2-update.linux64_1.5.0.202011040924/tools/bin/../lib/gcc/arm-none-eabi/9.3.1/thumb/v7e-m+fp/hard/libgcc.a(_aeabi_uldivmod.o) (__udivmoddi4)
/home/lth/st/stm32cubeide_1.6.0/plugins/com.st.stm32cube.ide.mcu.externaltools.gnu-tools-for-stm32.9-2020-q2-update.linux64_1.5.0.202011040924/tools/bin/../lib/gcc/arm-none-eabi/9.3.1/thumb/v7e-m+fp/hard/libgcc.a(_dvmd_tls.o)
                              /home/lth/st/stm32cubeide_1.6.0/plugins/com.st.stm32cube.ide.mcu.externaltools.gnu-tools-for-stm32.9-2020-q2-update.linux64_1.5.0.202011040924/tools/bin/../lib/gcc/arm-none-eabi/9.3.1/thumb/v7e-m+fp/hard/libgcc.a(_aeabi_uldivmod.o) (__aeabi_ldiv0)

Allocating common symbols
Common symbol       size              file

hUsbDeviceFS        0x2d0             USB_DEVICE/App/usb_device.o
hpcd_USB_OTG_FS     0x408             USB_DEVICE/Target/usbd_conf.o
uwTick              0x4               Drivers/STM32F4xx_HAL_Driver/Src/stm32f4xx_hal.o
pFlash              0x20              Drivers/STM32F4xx_HAL_Driver/Src/stm32f4xx_hal_flash.o
USBD_StrDesc        0x200             USB_DEVICE/App/usbd_desc.o

Discarded input sections

 .text          0x0000000000000000        0x0 /home/lth/st/stm32cubeide_1.6.0/plugins/com.st.stm32cube.ide.mcu.externaltools.gnu-tools-for-stm32.9-2020-q2-update.linux64_1.5.0.202011040924/tools/bin/../lib/gcc/arm-none-eabi/9.3.1/thumb/v7e-m+fp/hard/crti.o
 .data          0x0000000000000000        0x0 /home/lth/st/stm32cubeide_1.6.0/plugins/com.st.stm32cube.ide.mcu.externaltools.gnu-tools-for-stm32.9-2020-q2-update.linux64_1.5.0.202011040924/tools/bin/../lib/gcc/arm-none-eabi/9.3.1/thumb/v7e-m+fp/hard/crti.o
[...]
Memory Configuration

Name             Origin             Length             Attributes
RAM              0x0000000020000000 0x0000000000020000 xrw
FLASH            0x0000000008072000 0x0000000000008000 xr
*default*        0x0000000000000000 0xffffffffffffffff

Linker script and memory map

LOAD /home/lth/st/stm32cubeide_1.6.0/plugins/com.st.stm32cube.ide.mcu.externaltools.gnu-tools-for-stm32.9-2020-q2-update.linux64_1.5.0.202011040924/tools/bin/../lib/gcc/arm-none-eabi/9.3.1/thumb/v7e-m+fp/hard/crti.o
LOAD /home/lth/st/stm32cubeide_1.6.0/plugins/com.st.stm32cube.ide.mcu.externaltools.gnu-tools-for-stm32.9-2020-q2-update.linux64_1.5.0.202011040924/tools/bin/../lib/gcc/arm-none-eabi/9.3.1/thumb/v7e-m+fp/hard/crtbegin.o
LOAD /home/lth/st/stm32cubeide_1.6.0/plugins/com.st.stm32cube.ide.mcu.externaltools.gnu-tools-for-stm32.9-2020-q2-update.linux64_1.5.0.202011040924/tools/bin/../lib/gcc/arm-none-eabi/9.3.1/../../../../arm-none-eabi/lib/thumb/v7e-m+fp/hard/crt0.o
LOAD Core/Src/main.o
LOAD Core/Src/stm32f4xx_hal_msp.o
LOAD Core/Src/stm32f4xx_it.o
LOAD Core/Src/syscalls.o
LOAD Core/Src/sysmem.o
LOAD Core/Src/system_stm32f4xx.o
LOAD Core/Startup/startup_stm32f411ceux.o
LOAD Drivers/STM32F4xx_HAL_Driver/Src/stm32f4xx_hal.o
LOAD Drivers/STM32F4xx_HAL_Driver/Src/stm32f4xx_hal_cortex.o
LOAD Drivers/STM32F4xx_HAL_Driver/Src/stm32f4xx_hal_dma.o
LOAD Drivers/STM32F4xx_HAL_Driver/Src/stm32f4xx_hal_dma_ex.o
LOAD Drivers/STM32F4xx_HAL_Driver/Src/stm32f4xx_hal_exti.o
LOAD Drivers/STM32F4xx_HAL_Driver/Src/stm32f4xx_hal_flash.o
LOAD Drivers/STM32F4xx_HAL_Driver/Src/stm32f4xx_hal_flash_ex.o
LOAD Drivers/STM32F4xx_HAL_Driver/Src/stm32f4xx_hal_flash_ramfunc.o
LOAD Drivers/STM32F4xx_HAL_Driver/Src/stm32f4xx_hal_gpio.o
LOAD Drivers/STM32F4xx_HAL_Driver/Src/stm32f4xx_hal_pcd.o
LOAD Drivers/STM32F4xx_HAL_Driver/Src/stm32f4xx_hal_pcd_ex.o
LOAD Drivers/STM32F4xx_HAL_Driver/Src/stm32f4xx_hal_pwr.o
LOAD Drivers/STM32F4xx_HAL_Driver/Src/stm32f4xx_hal_pwr_ex.o
LOAD Drivers/STM32F4xx_HAL_Driver/Src/stm32f4xx_hal_rcc.o
LOAD Drivers/STM32F4xx_HAL_Driver/Src/stm32f4xx_hal_rcc_ex.o
LOAD Drivers/STM32F4xx_HAL_Driver/Src/stm32f4xx_hal_tim.o
LOAD Drivers/STM32F4xx_HAL_Driver/Src/stm32f4xx_hal_tim_ex.o
LOAD Drivers/STM32F4xx_HAL_Driver/Src/stm32f4xx_ll_usb.o
LOAD Middlewares/ST/STM32_USB_Device_Library/Class/DFU/Src/usbd_dfu.o
LOAD Middlewares/ST/STM32_USB_Device_Library/Core/Src/usbd_core.o
LOAD Middlewares/ST/STM32_USB_Device_Library/Core/Src/usbd_ctlreq.o
LOAD Middlewares/ST/STM32_USB_Device_Library/Core/Src/usbd_ioreq.o
LOAD USB_DEVICE/App/usb_device.o
LOAD USB_DEVICE/App/usbd_desc.o
LOAD USB_DEVICE/App/usbd_dfu_if.o
LOAD USB_DEVICE/Target/usbd_conf.o
START GROUP
LOAD /home/lth/st/stm32cubeide_1.6.0/plugins/com.st.stm32cube.ide.mcu.externaltools.gnu-tools-for-stm32.9-2020-q2-update.linux64_1.5.0.202011040924/tools/bin/../lib/gcc/arm-none-eabi/9.3.1/../../../../arm-none-eabi/lib/thumb/v7e-m+fp/hard/libc_nano.a
LOAD /home/lth/st/stm32cubeide_1.6.0/plugins/com.st.stm32cube.ide.mcu.externaltools.gnu-tools-for-stm32.9-2020-q2-update.linux64_1.5.0.202011040924/tools/bin/../lib/gcc/arm-none-eabi/9.3.1/../../../../arm-none-eabi/lib/thumb/v7e-m+fp/hard/libm.a
END GROUP
START GROUP
LOAD /home/lth/st/stm32cubeide_1.6.0/plugins/com.st.stm32cube.ide.mcu.externaltools.gnu-tools-for-stm32.9-2020-q2-update.linux64_1.5.0.202011040924/tools/bin/../lib/gcc/arm-none-eabi/9.3.1/thumb/v7e-m+fp/hard/libgcc.a
LOAD /home/lth/st/stm32cubeide_1.6.0/plugins/com.st.stm32cube.ide.mcu.externaltools.gnu-tools-for-stm32.9-2020-q2-update.linux64_1.5.0.202011040924/tools/bin/../lib/gcc/arm-none-eabi/9.3.1/../../../../arm-none-eabi/lib/thumb/v7e-m+fp/hard/libc_nano.a
END GROUP
START GROUP
LOAD /home/lth/st/stm32cubeide_1.6.0/plugins/com.st.stm32cube.ide.mcu.externaltools.gnu-tools-for-stm32.9-2020-q2-update.linux64_1.5.0.202011040924/tools/bin/../lib/gcc/arm-none-eabi/9.3.1/thumb/v7e-m+fp/hard/libgcc.a
LOAD /home/lth/st/stm32cubeide_1.6.0/plugins/com.st.stm32cube.ide.mcu.externaltools.gnu-tools-for-stm32.9-2020-q2-update.linux64_1.5.0.202011040924/tools/bin/../lib/gcc/arm-none-eabi/9.3.1/../../../../arm-none-eabi/lib/thumb/v7e-m+fp/hard/libc_nano.a
LOAD /home/lth/st/stm32cubeide_1.6.0/plugins/com.st.stm32cube.ide.mcu.externaltools.gnu-tools-for-stm32.9-2020-q2-update.linux64_1.5.0.202011040924/tools/bin/../lib/gcc/arm-none-eabi/9.3.1/../../../../arm-none-eabi/lib/thumb/v7e-m+fp/hard/libnosys.a
END GROUP
START GROUP
LOAD /home/lth/st/stm32cubeide_1.6.0/plugins/com.st.stm32cube.ide.mcu.externaltools.gnu-tools-for-stm32.9-2020-q2-update.linux64_1.5.0.202011040924/tools/bin/../lib/gcc/arm-none-eabi/9.3.1/thumb/v7e-m+fp/hard/libgcc.a
LOAD /home/lth/st/stm32cubeide_1.6.0/plugins/com.st.stm32cube.ide.mcu.externaltools.gnu-tools-for-stm32.9-2020-q2-update.linux64_1.5.0.202011040924/tools/bin/../lib/gcc/arm-none-eabi/9.3.1/../../../../arm-none-eabi/lib/thumb/v7e-m+fp/hard/libc_nano.a
LOAD /home/lth/st/stm32cubeide_1.6.0/plugins/com.st.stm32cube.ide.mcu.externaltools.gnu-tools-for-stm32.9-2020-q2-update.linux64_1.5.0.202011040924/tools/bin/../lib/gcc/arm-none-eabi/9.3.1/../../../../arm-none-eabi/lib/thumb/v7e-m+fp/hard/libnosys.a
END GROUP
LOAD /home/lth/st/stm32cubeide_1.6.0/plugins/com.st.stm32cube.ide.mcu.externaltools.gnu-tools-for-stm32.9-2020-q2-update.linux64_1.5.0.202011040924/tools/bin/../lib/gcc/arm-none-eabi/9.3.1/thumb/v7e-m+fp/hard/crtend.o
LOAD /home/lth/st/stm32cubeide_1.6.0/plugins/com.st.stm32cube.ide.mcu.externaltools.gnu-tools-for-stm32.9-2020-q2-update.linux64_1.5.0.202011040924/tools/bin/../lib/gcc/arm-none-eabi/9.3.1/thumb/v7e-m+fp/hard/crtn.o
                0x0000000020020000                _estack = (ORIGIN (RAM) + LENGTH (RAM))
                0x0000000000000200                _Min_Heap_Size = 0x200
                0x0000000000000400                _Min_Stack_Size = 0x400

.isr_vector     0x0000000008072000      0x198
                0x0000000008072000                . = ALIGN (0x4)
 *(.isr_vector)
 .isr_vector    0x0000000008072000      0x198 Core/Startup/startup_stm32f411ceux.o
                0x0000000008072000                g_pfnVectors
                0x0000000008072198                . = ALIGN (0x4)

.text           0x0000000008072198     0x64cc
                0x0000000008072198                . = ALIGN (0x4)
 *(.text)
 .text          0x0000000008072198       0x40 /home/lth/st/stm32cubeide_1.6.0/plugins/com.st.stm32cube.ide.mcu.externaltools.gnu-tools-for-stm32.9-2020-q2-update.linux64_1.5.0.202011040924/tools/bin/../lib/gcc/arm-none-eabi/9.3.1/thumb/v7e-m+fp/hard/crtbegin.o
 .text          0x00000000080721d8       0x30 /home/lth/st/stm32cubeide_1.6.0/plugins/com.st.stm32cube.ide.mcu.externaltools.gnu-tools-for-stm32.9-2020-q2-update.linux64_1.5.0.202011040924/tools/bin/../lib/gcc/arm-none-eabi/9.3.1/thumb/v7e-m+fp/hard/libgcc.a(_aeabi_uldivmod.o)
                0x00000000080721d8                __aeabi_uldivmod
 .text          0x0000000008072208      0x2c4 /home/lth/st/stm32cubeide_1.6.0/plugins/com.st.stm32cube.ide.mcu.externaltools.gnu-tools-for-stm32.9-2020-q2-update.linux64_1.5.0.202011040924/tools/bin/../lib/gcc/arm-none-eabi/9.3.1/thumb/v7e-m+fp/hard/libgcc.a(_udivmoddi4.o)
                0x0000000008072208                __udivmoddi4
 .text          0x00000000080724cc        0x4 /home/lth/st/stm32cubeide_1.6.0/plugins/com.st.stm32cube.ide.mcu.externaltools.gnu-tools-for-stm32.9-2020-q2-update.linux64_1.5.0.202011040924/tools/bin/../lib/gcc/arm-none-eabi/9.3.1/thumb/v7e-m+fp/hard/libgcc.a(_dvmd_tls.o)
                0x00000000080724cc                __aeabi_ldiv0
                0x00000000080724cc                __aeabi_idiv0
 *(.text*)
 .text.main     0x00000000080724d0       0x16 Core/Src/main.o
                0x00000000080724d0                main
 *fill*         0x00000000080724e6        0x2 
 .text.SystemClock_Config
                0x00000000080724e8       0xd0 Core/Src/main.o
                0x00000000080724e8                SystemClock_Config
 .text.MX_GPIO_Init
                0x00000000080725b8       0x50 Core/Src/main.o
 .text.Error_Handler
                0x0000000008072608        0xa Core/Src/main.o
                0x0000000008072608                Error_Handler
 *fill*         0x0000000008072612        0x2 
 .text.HAL_MspInit
                0x0000000008072614       0x50 Core/Src/stm32f4xx_hal_msp.o
                0x0000000008072614                HAL_MspInit
 .text.NMI_Handler
                0x0000000008072664        0x6 Core/Src/stm32f4xx_it.o
                0x0000000008072664                NMI_Handler
 .text.HardFault_Handler
                0x000000000807266a        0x6 Core/Src/stm32f4xx_it.o
                0x000000000807266a                HardFault_Handler
 .text.MemManage_Handler
                0x0000000008072670        0x6 Core/Src/stm32f4xx_it.o
                0x0000000008072670                MemManage_Handler
 .text.BusFault_Handler
                0x0000000008072676        0x6 Core/Src/stm32f4xx_it.o
                0x0000000008072676                BusFault_Handler
 .text.UsageFault_Handler
                0x000000000807267c        0x6 Core/Src/stm32f4xx_it.o
                0x000000000807267c                UsageFault_Handler
 .text.SVC_Handler
                0x0000000008072682        0xe Core/Src/stm32f4xx_it.o
                0x0000000008072682                SVC_Handler
 .text.DebugMon_Handler
                0x0000000008072690        0xe Core/Src/stm32f4xx_it.o
                0x0000000008072690                DebugMon_Handler
 .text.PendSV_Handler
                0x000000000807269e        0xe Core/Src/stm32f4xx_it.o
                0x000000000807269e                PendSV_Handler
 .text.SysTick_Handler
                0x00000000080726ac        0xc Core/Src/stm32f4xx_it.o
                0x00000000080726ac                SysTick_Handler
 .text.OTG_FS_IRQHandler
                0x00000000080726b8       0x14 Core/Src/stm32f4xx_it.o
                0x00000000080726b8                OTG_FS_IRQHandler
 .text.SystemInit
                0x00000000080726cc       0x2c Core/Src/system_stm32f4xx.o
                0x00000000080726cc                SystemInit
 .text.Reset_Handler
                0x00000000080726f8       0x50 Core/Startup/startup_stm32f411ceux.o
                0x00000000080726f8                Reset_Handler
 .text.Default_Handler
                0x0000000008072748        0x2 Core/Startup/startup_stm32f411ceux.o
                0x0000000008072748                RTC_Alarm_IRQHandler
                0x0000000008072748                EXTI2_IRQHandler
                0x0000000008072748                SPI4_IRQHandler
                0x0000000008072748                TIM1_CC_IRQHandler
                0x0000000008072748                DMA2_Stream5_IRQHandler
                0x0000000008072748                DMA1_Stream5_IRQHandler
                0x0000000008072748                PVD_IRQHandler
                0x0000000008072748                SDIO_IRQHandler
                0x0000000008072748                TAMP_STAMP_IRQHandler
                0x0000000008072748                EXTI3_IRQHandler
                0x0000000008072748                TIM1_UP_TIM10_IRQHandler
                0x0000000008072748                I2C3_ER_IRQHandler
                0x0000000008072748                EXTI0_IRQHandler
                0x0000000008072748                I2C2_EV_IRQHandler
                0x0000000008072748                DMA1_Stream2_IRQHandler
                0x0000000008072748                FPU_IRQHandler
                0x0000000008072748                DMA2_Stream2_IRQHandler
                0x0000000008072748                SPI1_IRQHandler
                0x0000000008072748                TIM1_BRK_TIM9_IRQHandler
                0x0000000008072748                DMA2_Stream3_IRQHandler
                0x0000000008072748                USART6_IRQHandler
                0x0000000008072748                DMA2_Stream0_IRQHandler
                0x0000000008072748                TIM4_IRQHandler
                0x0000000008072748                I2C1_EV_IRQHandler
                0x0000000008072748                DMA1_Stream6_IRQHandler
                0x0000000008072748                DMA1_Stream1_IRQHandler
                0x0000000008072748                TIM3_IRQHandler
                0x0000000008072748                RCC_IRQHandler
                0x0000000008072748                Default_Handler
                0x0000000008072748                EXTI15_10_IRQHandler
                0x0000000008072748                ADC_IRQHandler
                0x0000000008072748                DMA1_Stream7_IRQHandler
                0x0000000008072748                SPI5_IRQHandler
                0x0000000008072748                TIM5_IRQHandler
                0x0000000008072748                DMA2_Stream7_IRQHandler
                0x0000000008072748                I2C3_EV_IRQHandler
                0x0000000008072748                EXTI9_5_IRQHandler
                0x0000000008072748                RTC_WKUP_IRQHandler
                0x0000000008072748                SPI2_IRQHandler
                0x0000000008072748                DMA1_Stream0_IRQHandler
                0x0000000008072748                EXTI4_IRQHandler
                0x0000000008072748                WWDG_IRQHandler
                0x0000000008072748                TIM2_IRQHandler
                0x0000000008072748                OTG_FS_WKUP_IRQHandler
                0x0000000008072748                TIM1_TRG_COM_TIM11_IRQHandler
                0x0000000008072748                EXTI1_IRQHandler
                0x0000000008072748                USART2_IRQHandler
                0x0000000008072748                I2C2_ER_IRQHandler
                0x0000000008072748                DMA2_Stream1_IRQHandler
                0x0000000008072748                FLASH_IRQHandler
                0x0000000008072748                DMA2_Stream4_IRQHandler
                0x0000000008072748                USART1_IRQHandler
                0x0000000008072748                SPI3_IRQHandler
                0x0000000008072748                DMA1_Stream4_IRQHandler
                0x0000000008072748                I2C1_ER_IRQHandler
                0x0000000008072748                DMA2_Stream6_IRQHandler
                0x0000000008072748                DMA1_Stream3_IRQHandler
 *fill*         0x000000000807274a        0x2 
 .text.HAL_Init
                0x000000000807274c       0x44 Drivers/STM32F4xx_HAL_Driver/Src/stm32f4xx_hal.o
                0x000000000807274c                HAL_Init
 .text.HAL_InitTick
                0x0000000008072790       0x60 Drivers/STM32F4xx_HAL_Driver/Src/stm32f4xx_hal.o
                0x0000000008072790                HAL_InitTick
 .text.HAL_IncTick
                0x00000000080727f0       0x28 Drivers/STM32F4xx_HAL_Driver/Src/stm32f4xx_hal.o
                0x00000000080727f0                HAL_IncTick
 .text.HAL_GetTick
                0x0000000008072818       0x18 Drivers/STM32F4xx_HAL_Driver/Src/stm32f4xx_hal.o
                0x0000000008072818                HAL_GetTick
 .text.HAL_Delay
                0x0000000008072830       0x48 Drivers/STM32F4xx_HAL_Driver/Src/stm32f4xx_hal.o
                0x0000000008072830                HAL_Delay
 .text.__NVIC_SetPriorityGrouping
                0x0000000008072878       0x48 Drivers/STM32F4xx_HAL_Driver/Src/stm32f4xx_hal_cortex.o
 .text.__NVIC_GetPriorityGrouping
                0x00000000080728c0       0x1c Drivers/STM32F4xx_HAL_Driver/Src/stm32f4xx_hal_cortex.o
 .text.__NVIC_EnableIRQ
                0x00000000080728dc       0x3c Drivers/STM32F4xx_HAL_Driver/Src/stm32f4xx_hal_cortex.o
 .text.__NVIC_SetPriority
                0x0000000008072918       0x54 Drivers/STM32F4xx_HAL_Driver/Src/stm32f4xx_hal_cortex.o
 .text.NVIC_EncodePriority
                0x000000000807296c       0x66 Drivers/STM32F4xx_HAL_Driver/Src/stm32f4xx_hal_cortex.o
 *fill*         0x00000000080729d2        0x2 
 .text.SysTick_Config
                0x00000000080729d4       0x44 Drivers/STM32F4xx_HAL_Driver/Src/stm32f4xx_hal_cortex.o
 .text.HAL_NVIC_SetPriorityGrouping
                0x0000000008072a18       0x16 Drivers/STM32F4xx_HAL_Driver/Src/stm32f4xx_hal_cortex.o
                0x0000000008072a18                HAL_NVIC_SetPriorityGrouping
 .text.HAL_NVIC_SetPriority
                0x0000000008072a2e       0x38 Drivers/STM32F4xx_HAL_Driver/Src/stm32f4xx_hal_cortex.o
                0x0000000008072a2e                HAL_NVIC_SetPriority
 .text.HAL_NVIC_EnableIRQ
                0x0000000008072a66       0x1c Drivers/STM32F4xx_HAL_Driver/Src/stm32f4xx_hal_cortex.o
                0x0000000008072a66                HAL_NVIC_EnableIRQ
 .text.HAL_SYSTICK_Config
                0x0000000008072a82       0x18 Drivers/STM32F4xx_HAL_Driver/Src/stm32f4xx_hal_cortex.o
                0x0000000008072a82                HAL_SYSTICK_Config
 *fill*         0x0000000008072a9a        0x2 
 .text.HAL_GPIO_Init
                0x0000000008072a9c      0x308 Drivers/STM32F4xx_HAL_Driver/Src/stm32f4xx_hal_gpio.o
                0x0000000008072a9c                HAL_GPIO_Init
 .text.HAL_PCD_Init
                0x0000000008072da4      0x23a Drivers/STM32F4xx_HAL_Driver/Src/stm32f4xx_hal_pcd.o
                0x0000000008072da4                HAL_PCD_Init
 .text.HAL_PCD_Start
                0x0000000008072fde       0x66 Drivers/STM32F4xx_HAL_Driver/Src/stm32f4xx_hal_pcd.o
                0x0000000008072fde                HAL_PCD_Start
 .text.HAL_PCD_Stop
                0x0000000008073044       0x72 Drivers/STM32F4xx_HAL_Driver/Src/stm32f4xx_hal_pcd.o
                0x0000000008073044                HAL_PCD_Stop
 .text.HAL_PCD_IRQHandler
                0x00000000080730b6      0x764 Drivers/STM32F4xx_HAL_Driver/Src/stm32f4xx_hal_pcd.o
                0x00000000080730b6                HAL_PCD_IRQHandler
 .text.HAL_PCD_SetAddress
                0x000000000807381a       0x4a Drivers/STM32F4xx_HAL_Driver/Src/stm32f4xx_hal_pcd.o
                0x000000000807381a                HAL_PCD_SetAddress
 .text.HAL_PCD_EP_Open
                0x0000000008073864       0xd0 Drivers/STM32F4xx_HAL_Driver/Src/stm32f4xx_hal_pcd.o
                0x0000000008073864                HAL_PCD_EP_Open
 .text.HAL_PCD_EP_Receive
                0x0000000008073934       0x96 Drivers/STM32F4xx_HAL_Driver/Src/stm32f4xx_hal_pcd.o
                0x0000000008073934                HAL_PCD_EP_Receive
 .text.HAL_PCD_EP_Transmit
                0x00000000080739ca       0x94 Drivers/STM32F4xx_HAL_Driver/Src/stm32f4xx_hal_pcd.o
                0x00000000080739ca                HAL_PCD_EP_Transmit
 .text.HAL_PCD_EP_SetStall
                0x0000000008073a5e       0xc8 Drivers/STM32F4xx_HAL_Driver/Src/stm32f4xx_hal_pcd.o
                0x0000000008073a5e                HAL_PCD_EP_SetStall
 .text.HAL_PCD_EP_ClrStall
                0x0000000008073b26       0xac Drivers/STM32F4xx_HAL_Driver/Src/stm32f4xx_hal_pcd.o
                0x0000000008073b26                HAL_PCD_EP_ClrStall
 .text.PCD_WriteEmptyTxFifo
                0x0000000008073bd2      0x11a Drivers/STM32F4xx_HAL_Driver/Src/stm32f4xx_hal_pcd.o
 .text.PCD_EP_OutXfrComplete_int
                0x0000000008073cec      0x218 Drivers/STM32F4xx_HAL_Driver/Src/stm32f4xx_hal_pcd.o
 .text.PCD_EP_OutSetupPacket_int
                0x0000000008073f04       0x8c Drivers/STM32F4xx_HAL_Driver/Src/stm32f4xx_hal_pcd.o
 .text.HAL_PCDEx_SetTxFiFo
                0x0000000008073f90       0x8e Drivers/STM32F4xx_HAL_Driver/Src/stm32f4xx_hal_pcd_ex.o
                0x0000000008073f90                HAL_PCDEx_SetTxFiFo
 .text.HAL_PCDEx_SetRxFiFo
                0x000000000807401e       0x22 Drivers/STM32F4xx_HAL_Driver/Src/stm32f4xx_hal_pcd_ex.o
                0x000000000807401e                HAL_PCDEx_SetRxFiFo
 .text.HAL_PCDEx_LPM_Callback
                0x0000000008074040       0x18 Drivers/STM32F4xx_HAL_Driver/Src/stm32f4xx_hal_pcd_ex.o
                0x0000000008074040                HAL_PCDEx_LPM_Callback
 .text.HAL_RCC_OscConfig
                0x0000000008074058      0x4f0 Drivers/STM32F4xx_HAL_Driver/Src/stm32f4xx_hal_rcc.o
                0x0000000008074058                HAL_RCC_OscConfig
 .text.HAL_RCC_ClockConfig
                0x0000000008074548      0x1cc Drivers/STM32F4xx_HAL_Driver/Src/stm32f4xx_hal_rcc.o
                0x0000000008074548                HAL_RCC_ClockConfig
 .text.HAL_RCC_GetSysClockFreq
                0x0000000008074714      0x16c Drivers/STM32F4xx_HAL_Driver/Src/stm32f4xx_hal_rcc.o
                0x0000000008074714                HAL_RCC_GetSysClockFreq
 .text.HAL_RCC_GetHCLKFreq
                0x0000000008074880       0x18 Drivers/STM32F4xx_HAL_Driver/Src/stm32f4xx_hal_rcc.o
                0x0000000008074880                HAL_RCC_GetHCLKFreq
 .text.USB_CoreInit
                0x0000000008074898       0xc2 Drivers/STM32F4xx_HAL_Driver/Src/stm32f4xx_ll_usb.o
                0x0000000008074898                USB_CoreInit
 *fill*         0x000000000807495a        0x2 
 .text.USB_SetTurnaroundTime
                0x000000000807495c      0x144 Drivers/STM32F4xx_HAL_Driver/Src/stm32f4xx_ll_usb.o
                0x000000000807495c                USB_SetTurnaroundTime
 .text.USB_EnableGlobalInt
                0x0000000008074aa0       0x22 Drivers/STM32F4xx_HAL_Driver/Src/stm32f4xx_ll_usb.o
                0x0000000008074aa0                USB_EnableGlobalInt
 .text.USB_DisableGlobalInt
                0x0000000008074ac2       0x22 Drivers/STM32F4xx_HAL_Driver/Src/stm32f4xx_ll_usb.o
                0x0000000008074ac2                USB_DisableGlobalInt
 .text.USB_SetCurrentMode
                0x0000000008074ae4       0x54 Drivers/STM32F4xx_HAL_Driver/Src/stm32f4xx_ll_usb.o
                0x0000000008074ae4                USB_SetCurrentMode
 .text.USB_DevInit
                0x0000000008074b38      0x2c8 Drivers/STM32F4xx_HAL_Driver/Src/stm32f4xx_ll_usb.o
                0x0000000008074b38                USB_DevInit
 .text.USB_FlushTxFifo
                0x0000000008074e00       0x4c Drivers/STM32F4xx_HAL_Driver/Src/stm32f4xx_ll_usb.o
                0x0000000008074e00                USB_FlushTxFifo
 .text.USB_FlushRxFifo
                0x0000000008074e4c       0x44 Drivers/STM32F4xx_HAL_Driver/Src/stm32f4xx_ll_usb.o
                0x0000000008074e4c                USB_FlushRxFifo
 .text.USB_SetDevSpeed
                0x0000000008074e90       0x32 Drivers/STM32F4xx_HAL_Driver/Src/stm32f4xx_ll_usb.o
                0x0000000008074e90                USB_SetDevSpeed
 .text.USB_GetDevSpeed
                0x0000000008074ec2       0x4a Drivers/STM32F4xx_HAL_Driver/Src/stm32f4xx_ll_usb.o
                0x0000000008074ec2                USB_GetDevSpeed
 .text.USB_ActivateEndpoint
                0x0000000008074f0c      0x10e Drivers/STM32F4xx_HAL_Driver/Src/stm32f4xx_ll_usb.o
                0x0000000008074f0c                USB_ActivateEndpoint
 *fill*         0x000000000807501a        0x2 
 .text.USB_EPStartXfer
                0x000000000807501c      0x488 Drivers/STM32F4xx_HAL_Driver/Src/stm32f4xx_ll_usb.o
                0x000000000807501c                USB_EPStartXfer
 .text.USB_EP0StartXfer
                0x00000000080754a4      0x2a6 Drivers/STM32F4xx_HAL_Driver/Src/stm32f4xx_ll_usb.o
                0x00000000080754a4                USB_EP0StartXfer
 .text.USB_WritePacket
                0x000000000807574a       0x6a Drivers/STM32F4xx_HAL_Driver/Src/stm32f4xx_ll_usb.o
                0x000000000807574a                USB_WritePacket
 .text.USB_ReadPacket
                0x00000000080757b4       0x52 Drivers/STM32F4xx_HAL_Driver/Src/stm32f4xx_ll_usb.o
                0x00000000080757b4                USB_ReadPacket
 .text.USB_EPSetStall
                0x0000000008075806       0xdc Drivers/STM32F4xx_HAL_Driver/Src/stm32f4xx_ll_usb.o
                0x0000000008075806                USB_EPSetStall
 .text.USB_EPClearStall
                0x00000000080758e2       0xcc Drivers/STM32F4xx_HAL_Driver/Src/stm32f4xx_ll_usb.o
                0x00000000080758e2                USB_EPClearStall
 .text.USB_SetDevAddress
                0x00000000080759ae       0x4c Drivers/STM32F4xx_HAL_Driver/Src/stm32f4xx_ll_usb.o
                0x00000000080759ae                USB_SetDevAddress
 .text.USB_DevConnect
                0x00000000080759fa       0x42 Drivers/STM32F4xx_HAL_Driver/Src/stm32f4xx_ll_usb.o
                0x00000000080759fa                USB_DevConnect
 .text.USB_DevDisconnect
                0x0000000008075a3c       0x42 Drivers/STM32F4xx_HAL_Driver/Src/stm32f4xx_ll_usb.o
                0x0000000008075a3c                USB_DevDisconnect
 .text.USB_ReadInterrupts
                0x0000000008075a7e       0x26 Drivers/STM32F4xx_HAL_Driver/Src/stm32f4xx_ll_usb.o
                0x0000000008075a7e                USB_ReadInterrupts
 .text.USB_ReadDevAllOutEpInterrupt
                0x0000000008075aa4       0x34 Drivers/STM32F4xx_HAL_Driver/Src/stm32f4xx_ll_usb.o
                0x0000000008075aa4                USB_ReadDevAllOutEpInterrupt
 .text.USB_ReadDevAllInEpInterrupt
                0x0000000008075ad8       0x34 Drivers/STM32F4xx_HAL_Driver/Src/stm32f4xx_ll_usb.o
                0x0000000008075ad8                USB_ReadDevAllInEpInterrupt
 .text.USB_ReadDevOutEPInterrupt
                0x0000000008075b0c       0x3c Drivers/STM32F4xx_HAL_Driver/Src/stm32f4xx_ll_usb.o
                0x0000000008075b0c                USB_ReadDevOutEPInterrupt
 .text.USB_ReadDevInEPInterrupt
                0x0000000008075b48       0x5c Drivers/STM32F4xx_HAL_Driver/Src/stm32f4xx_ll_usb.o
                0x0000000008075b48                USB_ReadDevInEPInterrupt
 .text.USB_GetMode
                0x0000000008075ba4       0x1c Drivers/STM32F4xx_HAL_Driver/Src/stm32f4xx_ll_usb.o
                0x0000000008075ba4                USB_GetMode
 .text.USB_ActivateSetup
                0x0000000008075bc0       0x46 Drivers/STM32F4xx_HAL_Driver/Src/stm32f4xx_ll_usb.o
                0x0000000008075bc0                USB_ActivateSetup
 *fill*         0x0000000008075c06        0x2 
 .text.USB_EP0_OutStart
                0x0000000008075c08       0xbc Drivers/STM32F4xx_HAL_Driver/Src/stm32f4xx_ll_usb.o
                0x0000000008075c08                USB_EP0_OutStart
 .text.USB_CoreReset
                0x0000000008075cc4       0x68 Drivers/STM32F4xx_HAL_Driver/Src/stm32f4xx_ll_usb.o
 .text.__NVIC_SystemReset
                0x0000000008075d2c       0x2c Middlewares/ST/STM32_USB_Device_Library/Class/DFU/Src/usbd_dfu.o
 .text.USBD_DFU_Init
                0x0000000008075d58       0xb0 Middlewares/ST/STM32_USB_Device_Library/Class/DFU/Src/usbd_dfu.o
 .text.USBD_DFU_DeInit
                0x0000000008075e08       0x72 Middlewares/ST/STM32_USB_Device_Library/Class/DFU/Src/usbd_dfu.o
 *fill*         0x0000000008075e7a        0x2 
 .text.USBD_DFU_Setup
                0x0000000008075e7c      0x1e4 Middlewares/ST/STM32_USB_Device_Library/Class/DFU/Src/usbd_dfu.o
 .text.USBD_DFU_GetCfgDesc
                0x0000000008076060       0x20 Middlewares/ST/STM32_USB_Device_Library/Class/DFU/Src/usbd_dfu.o
 .text.USBD_DFU_EP0_RxReady
                0x0000000008076080       0x16 Middlewares/ST/STM32_USB_Device_Library/Class/DFU/Src/usbd_dfu.o
 .text.USBD_DFU_EP0_TxReady
                0x0000000008076096      0x1c8 Middlewares/ST/STM32_USB_Device_Library/Class/DFU/Src/usbd_dfu.o
 .text.USBD_DFU_SOF
                0x000000000807625e       0x16 Middlewares/ST/STM32_USB_Device_Library/Class/DFU/Src/usbd_dfu.o
 .text.USBD_DFU_GetDeviceQualifierDesc
                0x0000000008076274       0x20 Middlewares/ST/STM32_USB_Device_Library/Class/DFU/Src/usbd_dfu.o
 .text.USBD_DFU_GetUsrStringDesc
                0x0000000008076294       0x3c Middlewares/ST/STM32_USB_Device_Library/Class/DFU/Src/usbd_dfu.o
 .text.USBD_DFU_RegisterMedia
                0x00000000080762d0       0x2a Middlewares/ST/STM32_USB_Device_Library/Class/DFU/Src/usbd_dfu.o
                0x00000000080762d0                USBD_DFU_RegisterMedia
 *fill*         0x00000000080762fa        0x2 
 .text.DFU_Detach
                0x00000000080762fc       0xc8 Middlewares/ST/STM32_USB_Device_Library/Class/DFU/Src/usbd_dfu.o
 .text.DFU_Download
                0x00000000080763c4       0xd8 Middlewares/ST/STM32_USB_Device_Library/Class/DFU/Src/usbd_dfu.o
 .text.DFU_Upload
                0x000000000807649c      0x1b2 Middlewares/ST/STM32_USB_Device_Library/Class/DFU/Src/usbd_dfu.o
 *fill*         0x000000000807664e        0x2 
 .text.DFU_GetStatus
                0x0000000008076650      0x16c Middlewares/ST/STM32_USB_Device_Library/Class/DFU/Src/usbd_dfu.o
 .text.DFU_ClearStatus
                0x00000000080767bc       0xa8 Middlewares/ST/STM32_USB_Device_Library/Class/DFU/Src/usbd_dfu.o
 .text.DFU_GetState
                0x0000000008076864       0x30 Middlewares/ST/STM32_USB_Device_Library/Class/DFU/Src/usbd_dfu.o
 .text.DFU_Abort
                0x0000000008076894       0xa2 Middlewares/ST/STM32_USB_Device_Library/Class/DFU/Src/usbd_dfu.o
 *fill*         0x0000000008076936        0x2 
 .text.DFU_Leave
                0x0000000008076938       0x9c Middlewares/ST/STM32_USB_Device_Library/Class/DFU/Src/usbd_dfu.o
 .text.USBD_Init
                0x00000000080769d4       0x60 Middlewares/ST/STM32_USB_Device_Library/Core/Src/usbd_core.o
                0x00000000080769d4                USBD_Init
 .text.USBD_RegisterClass
                0x0000000008076a34       0x4e Middlewares/ST/STM32_USB_Device_Library/Core/Src/usbd_core.o
                0x0000000008076a34                USBD_RegisterClass
 .text.USBD_Start
                0x0000000008076a82       0x18 Middlewares/ST/STM32_USB_Device_Library/Core/Src/usbd_core.o
                0x0000000008076a82                USBD_Start
 .text.USBD_Stop
                0x0000000008076a9a       0x36 Middlewares/ST/STM32_USB_Device_Library/Core/Src/usbd_core.o
                0x0000000008076a9a                USBD_Stop
 .text.USBD_RunTestMode
                0x0000000008076ad0       0x16 Middlewares/ST/STM32_USB_Device_Library/Core/Src/usbd_core.o
                0x0000000008076ad0                USBD_RunTestMode
 .text.USBD_SetClassConfig
                0x0000000008076ae6       0x38 Middlewares/ST/STM32_USB_Device_Library/Core/Src/usbd_core.o
                0x0000000008076ae6                USBD_SetClassConfig
 .text.USBD_ClrClassConfig
                0x0000000008076b1e       0x30 Middlewares/ST/STM32_USB_Device_Library/Core/Src/usbd_core.o
                0x0000000008076b1e                USBD_ClrClassConfig
 .text.USBD_LL_SetupStage
                0x0000000008076b4e       0xaa Middlewares/ST/STM32_USB_Device_Library/Core/Src/usbd_core.o
                0x0000000008076b4e                USBD_LL_SetupStage
 .text.USBD_LL_DataOutStage
                0x0000000008076bf8       0xc6 Middlewares/ST/STM32_USB_Device_Library/Core/Src/usbd_core.o
                0x0000000008076bf8                USBD_LL_DataOutStage
 .text.USBD_LL_DataInStage
                0x0000000008076cbe      0x12c Middlewares/ST/STM32_USB_Device_Library/Core/Src/usbd_core.o
                0x0000000008076cbe                USBD_LL_DataInStage
 .text.USBD_LL_Reset
                0x0000000008076dea       0x9c Middlewares/ST/STM32_USB_Device_Library/Core/Src/usbd_core.o
                0x0000000008076dea                USBD_LL_Reset
 .text.USBD_LL_SetSpeed
                0x0000000008076e86       0x20 Middlewares/ST/STM32_USB_Device_Library/Core/Src/usbd_core.o
                0x0000000008076e86                USBD_LL_SetSpeed
 .text.USBD_LL_Suspend
                0x0000000008076ea6       0x2c Middlewares/ST/STM32_USB_Device_Library/Core/Src/usbd_core.o
                0x0000000008076ea6                USBD_LL_Suspend
 .text.USBD_LL_Resume
                0x0000000008076ed2       0x30 Middlewares/ST/STM32_USB_Device_Library/Core/Src/usbd_core.o
                0x0000000008076ed2                USBD_LL_Resume
 .text.USBD_LL_SOF
                0x0000000008076f02       0x44 Middlewares/ST/STM32_USB_Device_Library/Core/Src/usbd_core.o
                0x0000000008076f02                USBD_LL_SOF
 .text.USBD_LL_IsoINIncomplete
                0x0000000008076f46       0x4c Middlewares/ST/STM32_USB_Device_Library/Core/Src/usbd_core.o
                0x0000000008076f46                USBD_LL_IsoINIncomplete
 .text.USBD_LL_IsoOUTIncomplete
                0x0000000008076f92       0x4c Middlewares/ST/STM32_USB_Device_Library/Core/Src/usbd_core.o
                0x0000000008076f92                USBD_LL_IsoOUTIncomplete
 .text.USBD_LL_DevConnected
                0x0000000008076fde       0x16 Middlewares/ST/STM32_USB_Device_Library/Core/Src/usbd_core.o
                0x0000000008076fde                USBD_LL_DevConnected
 .text.USBD_LL_DevDisconnected
                0x0000000008076ff4       0x38 Middlewares/ST/STM32_USB_Device_Library/Core/Src/usbd_core.o
                0x0000000008076ff4                USBD_LL_DevDisconnected
 .text.SWAPBYTE
                0x000000000807702c       0x3c Middlewares/ST/STM32_USB_Device_Library/Core/Src/usbd_ctlreq.o
 .text.USBD_StdDevReq
                0x0000000008077068       0xdc Middlewares/ST/STM32_USB_Device_Library/Core/Src/usbd_ctlreq.o
                0x0000000008077068                USBD_StdDevReq
 .text.USBD_StdItfReq
                0x0000000008077144       0x92 Middlewares/ST/STM32_USB_Device_Library/Core/Src/usbd_ctlreq.o
                0x0000000008077144                USBD_StdItfReq
 .text.USBD_StdEPReq
                0x00000000080771d6      0x2c4 Middlewares/ST/STM32_USB_Device_Library/Core/Src/usbd_ctlreq.o
                0x00000000080771d6                USBD_StdEPReq
 *fill*         0x000000000807749a        0x2 
 .text.USBD_GetDescriptor
                0x000000000807749c      0x2f8 Middlewares/ST/STM32_USB_Device_Library/Core/Src/usbd_ctlreq.o
 .text.USBD_SetAddress
                0x0000000008077794       0x88 Middlewares/ST/STM32_USB_Device_Library/Core/Src/usbd_ctlreq.o
 .text.USBD_SetConfig
                0x000000000807781c      0x14c Middlewares/ST/STM32_USB_Device_Library/Core/Src/usbd_ctlreq.o
 .text.USBD_GetConfig
                0x0000000008077968       0x6c Middlewares/ST/STM32_USB_Device_Library/Core/Src/usbd_ctlreq.o
 .text.USBD_GetStatus
                0x00000000080779d4       0x68 Middlewares/ST/STM32_USB_Device_Library/Core/Src/usbd_ctlreq.o
 .text.USBD_SetFeature
                0x0000000008077a3c       0x28 Middlewares/ST/STM32_USB_Device_Library/Core/Src/usbd_ctlreq.o
 .text.USBD_ClrFeature
                0x0000000008077a64       0x44 Middlewares/ST/STM32_USB_Device_Library/Core/Src/usbd_ctlreq.o
 .text.USBD_ParseSetupRequest
                0x0000000008077aa8       0x74 Middlewares/ST/STM32_USB_Device_Library/Core/Src/usbd_ctlreq.o
                0x0000000008077aa8                USBD_ParseSetupRequest
 .text.USBD_CtlError
                0x0000000008077b1c       0x22 Middlewares/ST/STM32_USB_Device_Library/Core/Src/usbd_ctlreq.o
                0x0000000008077b1c                USBD_CtlError
 .text.USBD_GetString
                0x0000000008077b3e       0x8c Middlewares/ST/STM32_USB_Device_Library/Core/Src/usbd_ctlreq.o
                0x0000000008077b3e                USBD_GetString
 .text.USBD_GetLen
                0x0000000008077bca       0x34 Middlewares/ST/STM32_USB_Device_Library/Core/Src/usbd_ctlreq.o
 .text.USBD_CtlSendData
                0x0000000008077bfe       0x36 Middlewares/ST/STM32_USB_Device_Library/Core/Src/usbd_ioreq.o
                0x0000000008077bfe                USBD_CtlSendData
 .text.USBD_CtlContinueSendData
                0x0000000008077c34       0x22 Middlewares/ST/STM32_USB_Device_Library/Core/Src/usbd_ioreq.o
                0x0000000008077c34                USBD_CtlContinueSendData
 .text.USBD_CtlPrepareRx
                0x0000000008077c56       0x3a Middlewares/ST/STM32_USB_Device_Library/Core/Src/usbd_ioreq.o
                0x0000000008077c56                USBD_CtlPrepareRx
 .text.USBD_CtlContinueRx
                0x0000000008077c90       0x22 Middlewares/ST/STM32_USB_Device_Library/Core/Src/usbd_ioreq.o
                0x0000000008077c90                USBD_CtlContinueRx
 .text.USBD_CtlSendStatus
                0x0000000008077cb2       0x26 Middlewares/ST/STM32_USB_Device_Library/Core/Src/usbd_ioreq.o
                0x0000000008077cb2                USBD_CtlSendStatus
 .text.USBD_CtlReceiveStatus
                0x0000000008077cd8       0x26 Middlewares/ST/STM32_USB_Device_Library/Core/Src/usbd_ioreq.o
                0x0000000008077cd8                USBD_CtlReceiveStatus
 *fill*         0x0000000008077cfe        0x2 
 .text.MX_USB_DEVICE_Init
                0x0000000008077d00       0x60 USB_DEVICE/App/usb_device.o
                0x0000000008077d00                MX_USB_DEVICE_Init
 .text.USBD_FS_DeviceDescriptor
                0x0000000008077d60       0x24 USB_DEVICE/App/usbd_desc.o
                0x0000000008077d60                USBD_FS_DeviceDescriptor
 .text.USBD_FS_LangIDStrDescriptor
                0x0000000008077d84       0x24 USB_DEVICE/App/usbd_desc.o
                0x0000000008077d84                USBD_FS_LangIDStrDescriptor
 .text.USBD_FS_ProductStrDescriptor
                0x0000000008077da8       0x3c USB_DEVICE/App/usbd_desc.o
                0x0000000008077da8                USBD_FS_ProductStrDescriptor
 .text.USBD_FS_ManufacturerStrDescriptor
                0x0000000008077de4       0x28 USB_DEVICE/App/usbd_desc.o
                0x0000000008077de4                USBD_FS_ManufacturerStrDescriptor
 .text.USBD_FS_SerialStrDescriptor
                0x0000000008077e0c       0x24 USB_DEVICE/App/usbd_desc.o
                0x0000000008077e0c                USBD_FS_SerialStrDescriptor
 .text.USBD_FS_ConfigStrDescriptor
                0x0000000008077e30       0x3c USB_DEVICE/App/usbd_desc.o
                0x0000000008077e30                USBD_FS_ConfigStrDescriptor
 .text.USBD_FS_InterfaceStrDescriptor
                0x0000000008077e6c       0x3c USB_DEVICE/App/usbd_desc.o
                0x0000000008077e6c                USBD_FS_InterfaceStrDescriptor
 .text.Get_SerialNum
                0x0000000008077ea8       0x58 USB_DEVICE/App/usbd_desc.o
 .text.IntToUnicode
                0x0000000008077f00       0x7e USB_DEVICE/App/usbd_desc.o
 .text.MEM_If_Init_FS
                0x0000000008077f7e       0x10 USB_DEVICE/App/usbd_dfu_if.o
 .text.MEM_If_DeInit_FS
                0x0000000008077f8e       0x10 USB_DEVICE/App/usbd_dfu_if.o
 .text.MEM_If_Erase_FS
                0x0000000008077f9e       0x16 USB_DEVICE/App/usbd_dfu_if.o
 .text.MEM_If_Write_FS
                0x0000000008077fb4       0x1a USB_DEVICE/App/usbd_dfu_if.o
 .text.MEM_If_Read_FS
                0x0000000008077fce       0x1a USB_DEVICE/App/usbd_dfu_if.o
 .text.MEM_If_GetStatus_FS
                0x0000000008077fe8       0x22 USB_DEVICE/App/usbd_dfu_if.o
 *fill*         0x000000000807800a        0x2 
 .text.HAL_PCD_MspInit
                0x000000000807800c       0xa8 USB_DEVICE/Target/usbd_conf.o
                0x000000000807800c                HAL_PCD_MspInit
 .text.HAL_PCD_SetupStageCallback
                0x00000000080780b4       0x24 USB_DEVICE/Target/usbd_conf.o
                0x00000000080780b4                HAL_PCD_SetupStageCallback
 .text.HAL_PCD_DataOutStageCallback
                0x00000000080780d8       0x36 USB_DEVICE/Target/usbd_conf.o
                0x00000000080780d8                HAL_PCD_DataOutStageCallback
 .text.HAL_PCD_DataInStageCallback
                0x000000000807810e       0x34 USB_DEVICE/Target/usbd_conf.o
                0x000000000807810e                HAL_PCD_DataInStageCallback
 .text.HAL_PCD_SOFCallback
                0x0000000008078142       0x1c USB_DEVICE/Target/usbd_conf.o
                0x0000000008078142                HAL_PCD_SOFCallback
 .text.HAL_PCD_ResetCallback
                0x000000000807815e       0x3c USB_DEVICE/Target/usbd_conf.o
                0x000000000807815e                HAL_PCD_ResetCallback
 *fill*         0x000000000807819a        0x2 
 .text.HAL_PCD_SuspendCallback
                0x000000000807819c       0x4c USB_DEVICE/Target/usbd_conf.o
                0x000000000807819c                HAL_PCD_SuspendCallback
 .text.HAL_PCD_ResumeCallback
                0x00000000080781e8       0x1c USB_DEVICE/Target/usbd_conf.o
                0x00000000080781e8                HAL_PCD_ResumeCallback
 .text.HAL_PCD_ISOOUTIncompleteCallback
                0x0000000008078204       0x24 USB_DEVICE/Target/usbd_conf.o
                0x0000000008078204                HAL_PCD_ISOOUTIncompleteCallback
 .text.HAL_PCD_ISOINIncompleteCallback
                0x0000000008078228       0x24 USB_DEVICE/Target/usbd_conf.o
                0x0000000008078228                HAL_PCD_ISOINIncompleteCallback
 .text.HAL_PCD_ConnectCallback
                0x000000000807824c       0x1c USB_DEVICE/Target/usbd_conf.o
                0x000000000807824c                HAL_PCD_ConnectCallback
 .text.HAL_PCD_DisconnectCallback
                0x0000000008078268       0x1c USB_DEVICE/Target/usbd_conf.o
                0x0000000008078268                HAL_PCD_DisconnectCallback
 .text.USBD_LL_Init
                0x0000000008078284       0x98 USB_DEVICE/Target/usbd_conf.o
                0x0000000008078284                USBD_LL_Init
 .text.USBD_LL_Start
                0x000000000807831c       0x36 USB_DEVICE/Target/usbd_conf.o
                0x000000000807831c                USBD_LL_Start
 .text.USBD_LL_Stop
                0x0000000008078352       0x36 USB_DEVICE/Target/usbd_conf.o
                0x0000000008078352                USBD_LL_Stop
 .text.USBD_LL_OpenEP
                0x0000000008078388       0x4c USB_DEVICE/Target/usbd_conf.o
                0x0000000008078388                USBD_LL_OpenEP
 .text.USBD_LL_StallEP
                0x00000000080783d4       0x3e USB_DEVICE/Target/usbd_conf.o
                0x00000000080783d4                USBD_LL_StallEP
 .text.USBD_LL_ClearStallEP
                0x0000000008078412       0x3e USB_DEVICE/Target/usbd_conf.o
                0x0000000008078412                USBD_LL_ClearStallEP
 .text.USBD_LL_IsStallEP
                0x0000000008078450       0x58 USB_DEVICE/Target/usbd_conf.o
                0x0000000008078450                USBD_LL_IsStallEP
 .text.USBD_LL_SetUSBAddress
                0x00000000080784a8       0x3e USB_DEVICE/Target/usbd_conf.o
                0x00000000080784a8                USBD_LL_SetUSBAddress
 .text.USBD_LL_Transmit
                0x00000000080784e6       0x42 USB_DEVICE/Target/usbd_conf.o
                0x00000000080784e6                USBD_LL_Transmit
 .text.USBD_LL_PrepareReceive
                0x0000000008078528       0x42 USB_DEVICE/Target/usbd_conf.o
                0x0000000008078528                USBD_LL_PrepareReceive
 *fill*         0x000000000807856a        0x2 
 .text.USBD_static_malloc
                0x000000000807856c       0x1c USB_DEVICE/Target/usbd_conf.o
                0x000000000807856c                USBD_static_malloc
 .text.USBD_static_free
                0x0000000008078588       0x14 USB_DEVICE/Target/usbd_conf.o
                0x0000000008078588                USBD_static_free
 .text.USBD_Get_USB_Status
                0x000000000807859c       0x58 USB_DEVICE/Target/usbd_conf.o
                0x000000000807859c                USBD_Get_USB_Status
 .text.__libc_init_array
                0x00000000080785f4       0x48 /home/lth/st/stm32cubeide_1.6.0/plugins/com.st.stm32cube.ide.mcu.externaltools.gnu-tools-for-stm32.9-2020-q2-update.linux64_1.5.0.202011040924/tools/bin/../lib/gcc/arm-none-eabi/9.3.1/../../../../arm-none-eabi/lib/thumb/v7e-m+fp/hard/libc_nano.a(lib_a-init.o)
                0x00000000080785f4                __libc_init_array
 .text.memset   0x000000000807863c       0x10 /home/lth/st/stm32cubeide_1.6.0/plugins/com.st.stm32cube.ide.mcu.externaltools.gnu-tools-for-stm32.9-2020-q2-update.linux64_1.5.0.202011040924/tools/bin/../lib/gcc/arm-none-eabi/9.3.1/../../../../arm-none-eabi/lib/thumb/v7e-m+fp/hard/libc_nano.a(lib_a-memset.o)
                0x000000000807863c                memset
 *(.glue_7)
 .glue_7        0x000000000807864c        0x0 linker stubs
 *(.glue_7t)
 .glue_7t       0x000000000807864c        0x0 linker stubs
 *(.eh_frame)
 .eh_frame      0x000000000807864c        0x0 /home/lth/st/stm32cubeide_1.6.0/plugins/com.st.stm32cube.ide.mcu.externaltools.gnu-tools-for-stm32.9-2020-q2-update.linux64_1.5.0.202011040924/tools/bin/../lib/gcc/arm-none-eabi/9.3.1/thumb/v7e-m+fp/hard/crtbegin.o
 *(.init)
 .init          0x000000000807864c        0x4 /home/lth/st/stm32cubeide_1.6.0/plugins/com.st.stm32cube.ide.mcu.externaltools.gnu-tools-for-stm32.9-2020-q2-update.linux64_1.5.0.202011040924/tools/bin/../lib/gcc/arm-none-eabi/9.3.1/thumb/v7e-m+fp/hard/crti.o
                0x000000000807864c                _init
 .init          0x0000000008078650        0x8 /home/lth/st/stm32cubeide_1.6.0/plugins/com.st.stm32cube.ide.mcu.externaltools.gnu-tools-for-stm32.9-2020-q2-update.linux64_1.5.0.202011040924/tools/bin/../lib/gcc/arm-none-eabi/9.3.1/thumb/v7e-m+fp/hard/crtn.o
 *(.fini)
 .fini          0x0000000008078658        0x4 /home/lth/st/stm32cubeide_1.6.0/plugins/com.st.stm32cube.ide.mcu.externaltools.gnu-tools-for-stm32.9-2020-q2-update.linux64_1.5.0.202011040924/tools/bin/../lib/gcc/arm-none-eabi/9.3.1/thumb/v7e-m+fp/hard/crti.o
                0x0000000008078658                _fini
 .fini          0x000000000807865c        0x8 /home/lth/st/stm32cubeide_1.6.0/plugins/com.st.stm32cube.ide.mcu.externaltools.gnu-tools-for-stm32.9-2020-q2-update.linux64_1.5.0.202011040924/tools/bin/../lib/gcc/arm-none-eabi/9.3.1/thumb/v7e-m+fp/hard/crtn.o
                0x0000000008078664                . = ALIGN (0x4)
                0x0000000008078664                _etext = .

.vfp11_veneer   0x0000000008078664        0x0
 .vfp11_veneer  0x0000000008078664        0x0 linker stubs

.v4_bx          0x0000000008078664        0x0
 .v4_bx         0x0000000008078664        0x0 linker stubs

.iplt           0x0000000008078664        0x0
 .iplt          0x0000000008078664        0x0 /home/lth/st/stm32cubeide_1.6.0/plugins/com.st.stm32cube.ide.mcu.externaltools.gnu-tools-for-stm32.9-2020-q2-update.linux64_1.5.0.202011040924/tools/bin/../lib/gcc/arm-none-eabi/9.3.1/thumb/v7e-m+fp/hard/crtbegin.o

.rodata         0x0000000008078664       0xb8
                0x0000000008078664                . = ALIGN (0x4)
 *(.rodata)
 .rodata        0x0000000008078664       0x46 USB_DEVICE/App/usbd_desc.o
 *fill*         0x00000000080786aa        0x2 
 .rodata        0x00000000080786ac       0x5d USB_DEVICE/App/usbd_dfu_if.o
 *(.rodata*)
 *fill*         0x0000000008078709        0x3 
 .rodata.AHBPrescTable
                0x000000000807870c       0x10 Core/Src/system_stm32f4xx.o
                0x000000000807870c                AHBPrescTable
                0x000000000807871c                . = ALIGN (0x4)

.ARM.extab      0x000000000807871c        0x0
                0x000000000807871c                . = ALIGN (0x4)
 *(.ARM.extab* .gnu.linkonce.armextab.*)
                0x000000000807871c                . = ALIGN (0x4)

.ARM            0x000000000807871c        0x8
                0x000000000807871c                . = ALIGN (0x4)
                0x000000000807871c                __exidx_start = .
 *(.ARM.exidx*)
 .ARM.exidx     0x000000000807871c        0x8 /home/lth/st/stm32cubeide_1.6.0/plugins/com.st.stm32cube.ide.mcu.externaltools.gnu-tools-for-stm32.9-2020-q2-update.linux64_1.5.0.202011040924/tools/bin/../lib/gcc/arm-none-eabi/9.3.1/thumb/v7e-m+fp/hard/libgcc.a(_udivmoddi4.o)
                0x0000000008078724                __exidx_end = .
                0x0000000008078724                . = ALIGN (0x4)

.rel.dyn        0x0000000008078724        0x0
 .rel.iplt      0x0000000008078724        0x0 /home/lth/st/stm32cubeide_1.6.0/plugins/com.st.stm32cube.ide.mcu.externaltools.gnu-tools-for-stm32.9-2020-q2-update.linux64_1.5.0.202011040924/tools/bin/../lib/gcc/arm-none-eabi/9.3.1/thumb/v7e-m+fp/hard/crtbegin.o

.preinit_array  0x0000000008078724        0x0
                0x0000000008078724                . = ALIGN (0x4)
                0x0000000008078724                PROVIDE (__preinit_array_start = .)
 *(.preinit_array*)
                0x0000000008078724                PROVIDE (__preinit_array_end = .)
                0x0000000008078724                . = ALIGN (0x4)

.init_array     0x0000000008078724        0x4
                0x0000000008078724                . = ALIGN (0x4)
                0x0000000008078724                PROVIDE (__init_array_start = .)
 *(SORT_BY_NAME(.init_array.*))
 *(.init_array*)
 .init_array    0x0000000008078724        0x4 /home/lth/st/stm32cubeide_1.6.0/plugins/com.st.stm32cube.ide.mcu.externaltools.gnu-tools-for-stm32.9-2020-q2-update.linux64_1.5.0.202011040924/tools/bin/../lib/gcc/arm-none-eabi/9.3.1/thumb/v7e-m+fp/hard/crtbegin.o
                0x0000000008078728                PROVIDE (__init_array_end = .)
                0x0000000008078728                . = ALIGN (0x4)

.fini_array     0x0000000008078728        0x4
                0x0000000008078728                . = ALIGN (0x4)
                [!provide]                        PROVIDE (__fini_array_start = .)
 *(SORT_BY_NAME(.fini_array.*))
 *(.fini_array*)
 .fini_array    0x0000000008078728        0x4 /home/lth/st/stm32cubeide_1.6.0/plugins/com.st.stm32cube.ide.mcu.externaltools.gnu-tools-for-stm32.9-2020-q2-update.linux64_1.5.0.202011040924/tools/bin/../lib/gcc/arm-none-eabi/9.3.1/thumb/v7e-m+fp/hard/crtbegin.o
                [!provide]                        PROVIDE (__fini_array_end = .)
                0x000000000807872c                . = ALIGN (0x4)
                0x000000000807872c                _sidata = LOADADDR (.data)

.data           0x0000000020000000       0xdc load address 0x000000000807872c
                0x0000000020000000                . = ALIGN (0x4)
                0x0000000020000000                _sdata = .
 *(.data)
 *(.data*)
 .data.SystemCoreClock
                0x0000000020000000        0x4 Core/Src/system_stm32f4xx.o
                0x0000000020000000                SystemCoreClock
 .data.uwTickPrio
                0x0000000020000004        0x4 Drivers/STM32F4xx_HAL_Driver/Src/stm32f4xx_hal.o
                0x0000000020000004                uwTickPrio
 .data.uwTickFreq
                0x0000000020000008        0x1 Drivers/STM32F4xx_HAL_Driver/Src/stm32f4xx_hal.o
                0x0000000020000008                uwTickFreq
 *fill*         0x0000000020000009        0x3 
 .data.USBD_DFU
                0x000000002000000c       0x3c Middlewares/ST/STM32_USB_Device_Library/Class/DFU/Src/usbd_dfu.o
                0x000000002000000c                USBD_DFU
 .data.USBD_DFU_CfgDesc
                0x0000000020000048       0x1b Middlewares/ST/STM32_USB_Device_Library/Class/DFU/Src/usbd_dfu.o
 *fill*         0x0000000020000063        0x1 
 .data.USBD_DFU_DeviceQualifierDesc
                0x0000000020000064        0xa Middlewares/ST/STM32_USB_Device_Library/Class/DFU/Src/usbd_dfu.o
 *fill*         0x000000002000006e        0x2 
 .data.FS_Desc  0x0000000020000070       0x1c USB_DEVICE/App/usbd_desc.o
                0x0000000020000070                FS_Desc
 .data.USBD_FS_DeviceDesc
                0x000000002000008c       0x12 USB_DEVICE/App/usbd_desc.o
                0x000000002000008c                USBD_FS_DeviceDesc
 *fill*         0x000000002000009e        0x2 
 .data.USBD_LangIDDesc
                0x00000000200000a0        0x4 USB_DEVICE/App/usbd_desc.o
                0x00000000200000a0                USBD_LangIDDesc
 .data.USBD_StringSerial
                0x00000000200000a4       0x1a USB_DEVICE/App/usbd_desc.o
                0x00000000200000a4                USBD_StringSerial
 *fill*         0x00000000200000be        0x2 
 .data.USBD_DFU_fops_FS
                0x00000000200000c0       0x1c USB_DEVICE/App/usbd_dfu_if.o
                0x00000000200000c0                USBD_DFU_fops_FS
 *(.RamFunc)
 *(.RamFunc*)
                0x00000000200000dc                . = ALIGN (0x4)
                0x00000000200000dc                _edata = .

.igot.plt       0x00000000200000dc        0x0 load address 0x0000000008078808
 .igot.plt      0x00000000200000dc        0x0 /home/lth/st/stm32cubeide_1.6.0/plugins/com.st.stm32cube.ide.mcu.externaltools.gnu-tools-for-stm32.9-2020-q2-update.linux64_1.5.0.202011040924/tools/bin/../lib/gcc/arm-none-eabi/9.3.1/thumb/v7e-m+fp/hard/crtbegin.o
                0x00000000200000dc                . = ALIGN (0x4)

.bss            0x00000000200000dc      0xe18 load address 0x0000000008078808
                0x00000000200000dc                _sbss = .
                0x00000000200000dc                __bss_start__ = _sbss
 *(.bss)
 .bss           0x00000000200000dc       0x1c /home/lth/st/stm32cubeide_1.6.0/plugins/com.st.stm32cube.ide.mcu.externaltools.gnu-tools-for-stm32.9-2020-q2-update.linux64_1.5.0.202011040924/tools/bin/../lib/gcc/arm-none-eabi/9.3.1/thumb/v7e-m+fp/hard/crtbegin.o
 *(.bss*)
 .bss.USBD_StrDesc.9802
                0x00000000200000f8       0xff Middlewares/ST/STM32_USB_Device_Library/Class/DFU/Src/usbd_dfu.o
 .bss.cfgidx.9762
                0x00000000200001f7        0x1 Middlewares/ST/STM32_USB_Device_Library/Core/Src/usbd_ctlreq.o
 .bss.mem.9832  0x00000000200001f8      0x420 USB_DEVICE/Target/usbd_conf.o
 *(COMMON)
 COMMON         0x0000000020000618        0x4 Drivers/STM32F4xx_HAL_Driver/Src/stm32f4xx_hal.o
                0x0000000020000618                uwTick
 COMMON         0x000000002000061c      0x2d0 USB_DEVICE/App/usb_device.o
                0x000000002000061c                hUsbDeviceFS
 COMMON         0x00000000200008ec      0x200 USB_DEVICE/App/usbd_desc.o
                0x00000000200008ec                USBD_StrDesc
 COMMON         0x0000000020000aec      0x408 USB_DEVICE/Target/usbd_conf.o
                0x0000000020000aec                hpcd_USB_OTG_FS
                0x0000000020000ef4                . = ALIGN (0x4)
                0x0000000020000ef4                _ebss = .
                0x0000000020000ef4                __bss_end__ = _ebss

._user_heap_stack
                0x0000000020000ef4      0x604 load address 0x0000000008078808
                0x0000000020000ef8                . = ALIGN (0x8)
 *fill*         0x0000000020000ef4        0x4 
                [!provide]                        PROVIDE (end = .)
                0x0000000020000ef8                PROVIDE (_end = .)
                0x00000000200010f8                . = (. + _Min_Heap_Size)
 *fill*         0x0000000020000ef8      0x200 
                0x00000000200014f8                . = (. + _Min_Stack_Size)
 *fill*         0x00000000200010f8      0x400 
                0x00000000200014f8                . = ALIGN (0x8)

/DISCARD/
 libc.a(*)
 libm.a(*)
 libgcc.a(*)

.ARM.attributes
                0x0000000000000000       0x30
 *(.ARM.attributes)
 .ARM.attributes
                0x0000000000000000       0x1e /home/lth/st/stm32cubeide_1.6.0/plugins/com.st.stm32cube.ide.mcu.externaltools.gnu-tools-for-stm32.9-2020-q2-update.linux64_1.5.0.202011040924/tools/bin/../lib/gcc/arm-none-eabi/9.3.1/thumb/v7e-m+fp/hard/crti.o
 .ARM.attributes
                0x000000000000001e       0x34 /home/lth/st/stm32cubeide_1.6.0/plugins/com.st.stm32cube.ide.mcu.externaltools.gnu-tools-for-stm32.9-2020-q2-update.linux64_1.5.0.202011040924/tools/bin/../lib/gcc/arm-none-eabi/9.3.1/thumb/v7e-m+fp/hard/crtbegin.o
 .ARM.attributes
                0x0000000000000052       0x34 Core/Src/main.o
 .ARM.attributes
                0x0000000000000086       0x34 Core/Src/stm32f4xx_hal_msp.o
 .ARM.attributes
                0x00000000000000ba       0x34 Core/Src/stm32f4xx_it.o
 .ARM.attributes
                0x00000000000000ee       0x34 Core/Src/system_stm32f4xx.o
 .ARM.attributes
                0x0000000000000122       0x21 Core/Startup/startup_stm32f411ceux.o
 .ARM.attributes
                0x0000000000000143       0x34 Drivers/STM32F4xx_HAL_Driver/Src/stm32f4xx_hal.o
 .ARM.attributes
                0x0000000000000177       0x34 Drivers/STM32F4xx_HAL_Driver/Src/stm32f4xx_hal_cortex.o
 .ARM.attributes
                0x00000000000001ab       0x34 Drivers/STM32F4xx_HAL_Driver/Src/stm32f4xx_hal_gpio.o
 .ARM.attributes
                0x00000000000001df       0x34 Drivers/STM32F4xx_HAL_Driver/Src/stm32f4xx_hal_pcd.o
 .ARM.attributes
                0x0000000000000213       0x34 Drivers/STM32F4xx_HAL_Driver/Src/stm32f4xx_hal_pcd_ex.o
 .ARM.attributes
                0x0000000000000247       0x34 Drivers/STM32F4xx_HAL_Driver/Src/stm32f4xx_hal_rcc.o
 .ARM.attributes
                0x000000000000027b       0x34 Drivers/STM32F4xx_HAL_Driver/Src/stm32f4xx_ll_usb.o
 .ARM.attributes
                0x00000000000002af       0x34 Middlewares/ST/STM32_USB_Device_Library/Class/DFU/Src/usbd_dfu.o
 .ARM.attributes
                0x00000000000002e3       0x34 Middlewares/ST/STM32_USB_Device_Library/Core/Src/usbd_core.o
 .ARM.attributes
                0x0000000000000317       0x34 Middlewares/ST/STM32_USB_Device_Library/Core/Src/usbd_ctlreq.o
 .ARM.attributes
                0x000000000000034b       0x34 Middlewares/ST/STM32_USB_Device_Library/Core/Src/usbd_ioreq.o
 .ARM.attributes
                0x000000000000037f       0x34 USB_DEVICE/App/usb_device.o
 .ARM.attributes
                0x00000000000003b3       0x34 USB_DEVICE/App/usbd_desc.o
 .ARM.attributes
                0x00000000000003e7       0x34 USB_DEVICE/App/usbd_dfu_if.o
 .ARM.attributes
                0x000000000000041b       0x34 USB_DEVICE/Target/usbd_conf.o
 .ARM.attributes
                0x000000000000044f       0x34 /home/lth/st/stm32cubeide_1.6.0/plugins/com.st.stm32cube.ide.mcu.externaltools.gnu-tools-for-stm32.9-2020-q2-update.linux64_1.5.0.202011040924/tools/bin/../lib/gcc/arm-none-eabi/9.3.1/../../../../arm-none-eabi/lib/thumb/v7e-m+fp/hard/libc_nano.a(lib_a-init.o)
 .ARM.attributes
                0x0000000000000483       0x34 /home/lth/st/stm32cubeide_1.6.0/plugins/com.st.stm32cube.ide.mcu.externaltools.gnu-tools-for-stm32.9-2020-q2-update.linux64_1.5.0.202011040924/tools/bin/../lib/gcc/arm-none-eabi/9.3.1/../../../../arm-none-eabi/lib/thumb/v7e-m+fp/hard/libc_nano.a(lib_a-memset.o)
 .ARM.attributes
                0x00000000000004b7       0x1e /home/lth/st/stm32cubeide_1.6.0/plugins/com.st.stm32cube.ide.mcu.externaltools.gnu-tools-for-stm32.9-2020-q2-update.linux64_1.5.0.202011040924/tools/bin/../lib/gcc/arm-none-eabi/9.3.1/thumb/v7e-m+fp/hard/libgcc.a(_aeabi_uldivmod.o)
 .ARM.attributes
                0x00000000000004d5       0x34 /home/lth/st/stm32cubeide_1.6.0/plugins/com.st.stm32cube.ide.mcu.externaltools.gnu-tools-for-stm32.9-2020-q2-update.linux64_1.5.0.202011040924/tools/bin/../lib/gcc/arm-none-eabi/9.3.1/thumb/v7e-m+fp/hard/libgcc.a(_udivmoddi4.o)
 .ARM.attributes
                0x0000000000000509       0x1e /home/lth/st/stm32cubeide_1.6.0/plugins/com.st.stm32cube.ide.mcu.externaltools.gnu-tools-for-stm32.9-2020-q2-update.linux64_1.5.0.202011040924/tools/bin/../lib/gcc/arm-none-eabi/9.3.1/thumb/v7e-m+fp/hard/libgcc.a(_dvmd_tls.o)
 .ARM.attributes
                0x0000000000000527       0x1e /home/lth/st/stm32cubeide_1.6.0/plugins/com.st.stm32cube.ide.mcu.externaltools.gnu-tools-for-stm32.9-2020-q2-update.linux64_1.5.0.202011040924/tools/bin/../lib/gcc/arm-none-eabi/9.3.1/thumb/v7e-m+fp/hard/crtn.o
OUTPUT(bootloader.elf elf32-littlearm)
LOAD linker stubs
LOAD /home/lth/st/stm32cubeide_1.6.0/plugins/com.st.stm32cube.ide.mcu.externaltools.gnu-tools-for-stm32.9-2020-q2-update.linux64_1.5.0.202011040924/tools/bin/../lib/gcc/arm-none-eabi/9.3.1/../../../../arm-none-eabi/lib/thumb/v7e-m+fp/hard/libc.a
LOAD /home/lth/st/stm32cubeide_1.6.0/plugins/com.st.stm32cube.ide.mcu.externaltools.gnu-tools-for-stm32.9-2020-q2-update.linux64_1.5.0.202011040924/tools/bin/../lib/gcc/arm-none-eabi/9.3.1/../../../../arm-none-eabi/lib/thumb/v7e-m+fp/hard/libm.a
LOAD /home/lth/st/stm32cubeide_1.6.0/plugins/com.st.stm32cube.ide.mcu.externaltools.gnu-tools-for-stm32.9-2020-q2-update.linux64_1.5.0.202011040924/tools/bin/../lib/gcc/arm-none-eabi/9.3.1/thumb/v7e-m+fp/hard/libgcc.a

.debug_info     0x0000000000000000    0x12105
 .debug_info    0x0000000000000000      0xeac Core/Src/main.o
 .debug_info    0x0000000000000eac      0x3c0 Core/Src/stm32f4xx_hal_msp.o
 .debug_info    0x000000000000126c      0x6db Core/Src/stm32f4xx_it.o
 .debug_info    0x0000000000001947      0x5d0 Core/Src/system_stm32f4xx.o
 .debug_info    0x0000000000001f17       0x22 Core/Startup/startup_stm32f411ceux.o
 .debug_info    0x0000000000001f39      0x944 Drivers/STM32F4xx_HAL_Driver/Src/stm32f4xx_hal.o
 .debug_info    0x000000000000287d      0xe47 Drivers/STM32F4xx_HAL_Driver/Src/stm32f4xx_hal_cortex.o
 .debug_info    0x00000000000036c4      0x862 Drivers/STM32F4xx_HAL_Driver/Src/stm32f4xx_hal_gpio.o
 .debug_info    0x0000000000003f26     0x12d5 Drivers/STM32F4xx_HAL_Driver/Src/stm32f4xx_hal_pcd.o
 .debug_info    0x00000000000051fb      0x7c3 Drivers/STM32F4xx_HAL_Driver/Src/stm32f4xx_hal_pcd_ex.o
 .debug_info    0x00000000000059be      0x9be Drivers/STM32F4xx_HAL_Driver/Src/stm32f4xx_hal_rcc.o
 .debug_info    0x000000000000637c     0x1a8c Drivers/STM32F4xx_HAL_Driver/Src/stm32f4xx_ll_usb.o
 .debug_info    0x0000000000007e08     0x18ca Middlewares/ST/STM32_USB_Device_Library/Class/DFU/Src/usbd_dfu.o
 .debug_info    0x00000000000096d2     0x13d3 Middlewares/ST/STM32_USB_Device_Library/Core/Src/usbd_core.o
 .debug_info    0x000000000000aaa5     0x139f Middlewares/ST/STM32_USB_Device_Library/Core/Src/usbd_ctlreq.o
 .debug_info    0x000000000000be44     0x10c1 Middlewares/ST/STM32_USB_Device_Library/Core/Src/usbd_ioreq.o
 .debug_info    0x000000000000cf05     0x1042 USB_DEVICE/App/usb_device.o
 .debug_info    0x000000000000df47      0xdfa USB_DEVICE/App/usbd_desc.o
 .debug_info    0x000000000000ed41     0x115a USB_DEVICE/App/usbd_dfu_if.o
 .debug_info    0x000000000000fe9b     0x226a USB_DEVICE/Target/usbd_conf.o

.debug_abbrev   0x0000000000000000     0x2cc3
 .debug_abbrev  0x0000000000000000      0x261 Core/Src/main.o
 .debug_abbrev  0x0000000000000261      0x11d Core/Src/stm32f4xx_hal_msp.o
 .debug_abbrev  0x000000000000037e      0x184 Core/Src/stm32f4xx_it.o
 .debug_abbrev  0x0000000000000502      0x145 Core/Src/system_stm32f4xx.o
 .debug_abbrev  0x0000000000000647       0x12 Core/Startup/startup_stm32f411ceux.o
 .debug_abbrev  0x0000000000000659      0x21e Drivers/STM32F4xx_HAL_Driver/Src/stm32f4xx_hal.o
 .debug_abbrev  0x0000000000000877      0x33c Drivers/STM32F4xx_HAL_Driver/Src/stm32f4xx_hal_cortex.o
 .debug_abbrev  0x0000000000000bb3      0x1f1 Drivers/STM32F4xx_HAL_Driver/Src/stm32f4xx_hal_gpio.o
 .debug_abbrev  0x0000000000000da4      0x2a0 Drivers/STM32F4xx_HAL_Driver/Src/stm32f4xx_hal_pcd.o
 .debug_abbrev  0x0000000000001044      0x1fb Drivers/STM32F4xx_HAL_Driver/Src/stm32f4xx_hal_pcd_ex.o
 .debug_abbrev  0x000000000000123f      0x275 Drivers/STM32F4xx_HAL_Driver/Src/stm32f4xx_hal_rcc.o
 .debug_abbrev  0x00000000000014b4      0x2a7 Drivers/STM32F4xx_HAL_Driver/Src/stm32f4xx_ll_usb.o
 .debug_abbrev  0x000000000000175b      0x36a Middlewares/ST/STM32_USB_Device_Library/Class/DFU/Src/usbd_dfu.o
 .debug_abbrev  0x0000000000001ac5      0x2b7 Middlewares/ST/STM32_USB_Device_Library/Core/Src/usbd_core.o
 .debug_abbrev  0x0000000000001d7c      0x2fc Middlewares/ST/STM32_USB_Device_Library/Core/Src/usbd_ctlreq.o
 .debug_abbrev  0x0000000000002078      0x22a Middlewares/ST/STM32_USB_Device_Library/Core/Src/usbd_ioreq.o
 .debug_abbrev  0x00000000000022a2      0x204 USB_DEVICE/App/usb_device.o
 .debug_abbrev  0x00000000000024a6      0x2aa USB_DEVICE/App/usbd_desc.o
 .debug_abbrev  0x0000000000002750      0x23e USB_DEVICE/App/usbd_dfu_if.o
 .debug_abbrev  0x000000000000298e      0x335 USB_DEVICE/Target/usbd_conf.o

.debug_aranges  0x0000000000000000      0xb20
 .debug_aranges
                0x0000000000000000       0x38 Core/Src/main.o
 .debug_aranges
                0x0000000000000038       0x20 Core/Src/stm32f4xx_hal_msp.o
 .debug_aranges
                0x0000000000000058       0x68 Core/Src/stm32f4xx_it.o
 .debug_aranges
                0x00000000000000c0       0x28 Core/Src/system_stm32f4xx.o
 .debug_aranges
                0x00000000000000e8       0x28 Core/Startup/startup_stm32f411ceux.o
 .debug_aranges
                0x0000000000000110       0xf0 Drivers/STM32F4xx_HAL_Driver/Src/stm32f4xx_hal.o
 .debug_aranges
                0x0000000000000200      0x118 Drivers/STM32F4xx_HAL_Driver/Src/stm32f4xx_hal_cortex.o
 .debug_aranges
                0x0000000000000318       0x58 Drivers/STM32F4xx_HAL_Driver/Src/stm32f4xx_hal_gpio.o
 .debug_aranges
                0x0000000000000370      0x138 Drivers/STM32F4xx_HAL_Driver/Src/stm32f4xx_hal_pcd.o
 .debug_aranges
                0x00000000000004a8       0x38 Drivers/STM32F4xx_HAL_Driver/Src/stm32f4xx_hal_pcd_ex.o
 .debug_aranges
                0x00000000000004e0       0x88 Drivers/STM32F4xx_HAL_Driver/Src/stm32f4xx_hal_rcc.o
 .debug_aranges
                0x0000000000000568      0x198 Drivers/STM32F4xx_HAL_Driver/Src/stm32f4xx_ll_usb.o
 .debug_aranges
                0x0000000000000700       0xb0 Middlewares/ST/STM32_USB_Device_Library/Class/DFU/Src/usbd_dfu.o
 .debug_aranges
                0x00000000000007b0       0xb8 Middlewares/ST/STM32_USB_Device_Library/Core/Src/usbd_core.o
 .debug_aranges
                0x0000000000000868       0x90 Middlewares/ST/STM32_USB_Device_Library/Core/Src/usbd_ctlreq.o
 .debug_aranges
                0x00000000000008f8       0x50 Middlewares/ST/STM32_USB_Device_Library/Core/Src/usbd_ioreq.o
 .debug_aranges
                0x0000000000000948       0x20 USB_DEVICE/App/usb_device.o
 .debug_aranges
                0x0000000000000968       0x60 USB_DEVICE/App/usbd_desc.o
 .debug_aranges
                0x00000000000009c8       0x48 USB_DEVICE/App/usbd_dfu_if.o
 .debug_aranges
                0x0000000000000a10      0x110 USB_DEVICE/Target/usbd_conf.o

.debug_ranges   0x0000000000000000      0x9e8
 .debug_ranges  0x0000000000000000       0x28 Core/Src/main.o
 .debug_ranges  0x0000000000000028       0x10 Core/Src/stm32f4xx_hal_msp.o
 .debug_ranges  0x0000000000000038       0x58 Core/Src/stm32f4xx_it.o
 .debug_ranges  0x0000000000000090       0x18 Core/Src/system_stm32f4xx.o
 .debug_ranges  0x00000000000000a8       0x20 Core/Startup/startup_stm32f411ceux.o
 .debug_ranges  0x00000000000000c8       0xe0 Drivers/STM32F4xx_HAL_Driver/Src/stm32f4xx_hal.o
 .debug_ranges  0x00000000000001a8      0x108 Drivers/STM32F4xx_HAL_Driver/Src/stm32f4xx_hal_cortex.o
 .debug_ranges  0x00000000000002b0       0x48 Drivers/STM32F4xx_HAL_Driver/Src/stm32f4xx_hal_gpio.o
 .debug_ranges  0x00000000000002f8      0x128 Drivers/STM32F4xx_HAL_Driver/Src/stm32f4xx_hal_pcd.o
 .debug_ranges  0x0000000000000420       0x28 Drivers/STM32F4xx_HAL_Driver/Src/stm32f4xx_hal_pcd_ex.o
 .debug_ranges  0x0000000000000448       0x78 Drivers/STM32F4xx_HAL_Driver/Src/stm32f4xx_hal_rcc.o
 .debug_ranges  0x00000000000004c0      0x188 Drivers/STM32F4xx_HAL_Driver/Src/stm32f4xx_ll_usb.o
 .debug_ranges  0x0000000000000648       0xa0 Middlewares/ST/STM32_USB_Device_Library/Class/DFU/Src/usbd_dfu.o
 .debug_ranges  0x00000000000006e8       0xa8 Middlewares/ST/STM32_USB_Device_Library/Core/Src/usbd_core.o
 .debug_ranges  0x0000000000000790       0x80 Middlewares/ST/STM32_USB_Device_Library/Core/Src/usbd_ctlreq.o
 .debug_ranges  0x0000000000000810       0x40 Middlewares/ST/STM32_USB_Device_Library/Core/Src/usbd_ioreq.o
 .debug_ranges  0x0000000000000850       0x10 USB_DEVICE/App/usb_device.o
 .debug_ranges  0x0000000000000860       0x50 USB_DEVICE/App/usbd_desc.o
 .debug_ranges  0x00000000000008b0       0x38 USB_DEVICE/App/usbd_dfu_if.o
 .debug_ranges  0x00000000000008e8      0x100 USB_DEVICE/Target/usbd_conf.o

.debug_macro    0x0000000000000000    0x1816c
 .debug_macro   0x0000000000000000      0x3c9 Core/Src/main.o
 .debug_macro   0x00000000000003c9      0xab4 Core/Src/main.o
 .debug_macro   0x0000000000000e7d      0x295 Core/Src/main.o
 .debug_macro   0x0000000000001112       0x2e Core/Src/main.o
 .debug_macro   0x0000000000001140       0x28 Core/Src/main.o
 .debug_macro   0x0000000000001168       0x22 Core/Src/main.o
 .debug_macro   0x000000000000118a       0x8e Core/Src/main.o
 .debug_macro   0x0000000000001218       0x51 Core/Src/main.o
 .debug_macro   0x0000000000001269      0x103 Core/Src/main.o
 .debug_macro   0x000000000000136c       0x6a Core/Src/main.o
 .debug_macro   0x00000000000013d6      0x1df Core/Src/main.o
 .debug_macro   0x00000000000015b5       0x1c Core/Src/main.o
 .debug_macro   0x00000000000015d1       0x22 Core/Src/main.o
 .debug_macro   0x00000000000015f3       0xdf Core/Src/main.o
 .debug_macro   0x00000000000016d2     0x102d Core/Src/main.o
 .debug_macro   0x00000000000026ff      0x11f Core/Src/main.o
 .debug_macro   0x000000000000281e     0xb937 Core/Src/main.o
 .debug_macro   0x000000000000e155       0x43 Core/Src/main.o
 .debug_macro   0x000000000000e198     0x3659 Core/Src/main.o
 .debug_macro   0x00000000000117f1      0x174 Core/Src/main.o
 .debug_macro   0x0000000000011965       0x5c Core/Src/main.o
 .debug_macro   0x00000000000119c1      0x447 Core/Src/main.o
 .debug_macro   0x0000000000011e08      0x9fe Core/Src/main.o
 .debug_macro   0x0000000000012806      0x117 Core/Src/main.o
 .debug_macro   0x000000000001291d      0x11b Core/Src/main.o
 .debug_macro   0x0000000000012a38       0x82 Core/Src/main.o
 .debug_macro   0x0000000000012aba      0x15f Core/Src/main.o
 .debug_macro   0x0000000000012c19      0x287 Core/Src/main.o
 .debug_macro   0x0000000000012ea0       0x5f Core/Src/main.o
 .debug_macro   0x0000000000012eff      0x236 Core/Src/main.o
 .debug_macro   0x0000000000013135      0x132 Core/Src/main.o
 .debug_macro   0x0000000000013267      0x264 Core/Src/main.o
 .debug_macro   0x00000000000134cb       0x2e Core/Src/main.o
 .debug_macro   0x00000000000134f9      0x11a Core/Src/main.o
 .debug_macro   0x0000000000013613       0x85 Core/Src/main.o
 .debug_macro   0x0000000000013698       0x89 Core/Src/main.o
 .debug_macro   0x0000000000013721      0x21e Core/Src/main.o
 .debug_macro   0x000000000001393f       0xba Core/Src/main.o
 .debug_macro   0x00000000000139f9      0x126 Core/Src/main.o
 .debug_macro   0x0000000000013b1f       0x52 Core/Src/main.o
 .debug_macro   0x0000000000013b71       0x18 Core/Src/main.o
 .debug_macro   0x0000000000013b89       0x3c Core/Src/main.o
 .debug_macro   0x0000000000013bc5       0x34 Core/Src/main.o
 .debug_macro   0x0000000000013bf9       0x16 Core/Src/main.o
 .debug_macro   0x0000000000013c0f       0x35 Core/Src/main.o
 .debug_macro   0x0000000000013c44      0x333 Core/Src/main.o
 .debug_macro   0x0000000000013f77       0x10 Core/Src/main.o
 .debug_macro   0x0000000000013f87       0x16 Core/Src/main.o
 .debug_macro   0x0000000000013f9d       0x43 Core/Src/main.o
 .debug_macro   0x0000000000013fe0       0x34 Core/Src/main.o
 .debug_macro   0x0000000000014014       0x10 Core/Src/main.o
 .debug_macro   0x0000000000014024       0x58 Core/Src/main.o
 .debug_macro   0x000000000001407c       0x71 Core/Src/main.o
 .debug_macro   0x00000000000140ed       0x1c Core/Src/main.o
 .debug_macro   0x0000000000014109      0x12a Core/Src/main.o
 .debug_macro   0x0000000000014233       0x10 Core/Src/main.o
 .debug_macro   0x0000000000014243       0x1c Core/Src/main.o
 .debug_macro   0x000000000001425f       0x52 Core/Src/main.o
 .debug_macro   0x00000000000142b1       0x22 Core/Src/main.o
 .debug_macro   0x00000000000142d3       0x10 Core/Src/main.o
 .debug_macro   0x00000000000142e3       0x40 Core/Src/main.o
 .debug_macro   0x0000000000014323       0xd5 Core/Src/main.o
 .debug_macro   0x00000000000143f8       0x1c Core/Src/main.o
 .debug_macro   0x0000000000014414       0x3d Core/Src/main.o
 .debug_macro   0x0000000000014451       0x16 Core/Src/main.o
 .debug_macro   0x0000000000014467      0x145 Core/Src/main.o
 .debug_macro   0x00000000000145ac       0x16 Core/Src/main.o
 .debug_macro   0x00000000000145c2       0x16 Core/Src/main.o
 .debug_macro   0x00000000000145d8       0x29 Core/Src/main.o
 .debug_macro   0x0000000000014601       0x16 Core/Src/main.o
 .debug_macro   0x0000000000014617       0x20 Core/Src/main.o
 .debug_macro   0x0000000000014637       0x7e Core/Src/main.o
 .debug_macro   0x00000000000146b5      0x1e9 Core/Src/main.o
 .debug_macro   0x000000000001489e      0x1de Core/Src/stm32f4xx_hal_msp.o
 .debug_macro   0x0000000000014a7c      0x1e8 Core/Src/stm32f4xx_it.o
 .debug_macro   0x0000000000014c64      0x1e0 Core/Src/system_stm32f4xx.o
 .debug_macro   0x0000000000014e44      0x234 Drivers/STM32F4xx_HAL_Driver/Src/stm32f4xx_hal.o
 .debug_macro   0x0000000000015078      0x1d4 Drivers/STM32F4xx_HAL_Driver/Src/stm32f4xx_hal_cortex.o
 .debug_macro   0x000000000001524c      0x1da Drivers/STM32F4xx_HAL_Driver/Src/stm32f4xx_hal_gpio.o
 .debug_macro   0x0000000000015426      0x1e0 Drivers/STM32F4xx_HAL_Driver/Src/stm32f4xx_hal_pcd.o
 .debug_macro   0x0000000000015606      0x1d4 Drivers/STM32F4xx_HAL_Driver/Src/stm32f4xx_hal_pcd_ex.o
 .debug_macro   0x00000000000157da      0x1f8 Drivers/STM32F4xx_HAL_Driver/Src/stm32f4xx_hal_rcc.o
 .debug_macro   0x00000000000159d2      0x1d4 Drivers/STM32F4xx_HAL_Driver/Src/stm32f4xx_ll_usb.o
 .debug_macro   0x0000000000015ba6      0x3f4 Middlewares/ST/STM32_USB_Device_Library/Class/DFU/Src/usbd_dfu.o
 .debug_macro   0x0000000000015f9a       0x97 Middlewares/ST/STM32_USB_Device_Library/Class/DFU/Src/usbd_dfu.o
 .debug_macro   0x0000000000016031       0xfd Middlewares/ST/STM32_USB_Device_Library/Class/DFU/Src/usbd_dfu.o
 .debug_macro   0x000000000001612e       0xd9 Middlewares/ST/STM32_USB_Device_Library/Class/DFU/Src/usbd_dfu.o
 .debug_macro   0x0000000000016207       0x56 Middlewares/ST/STM32_USB_Device_Library/Class/DFU/Src/usbd_dfu.o
 .debug_macro   0x000000000001625d      0x10a Middlewares/ST/STM32_USB_Device_Library/Class/DFU/Src/usbd_dfu.o
 .debug_macro   0x0000000000016367      0x3db Middlewares/ST/STM32_USB_Device_Library/Core/Src/usbd_core.o
 .debug_macro   0x0000000000016742      0x1ef Middlewares/ST/STM32_USB_Device_Library/Core/Src/usbd_core.o
 .debug_macro   0x0000000000016931      0x3e5 Middlewares/ST/STM32_USB_Device_Library/Core/Src/usbd_ctlreq.o
 .debug_macro   0x0000000000016d16      0x3e1 Middlewares/ST/STM32_USB_Device_Library/Core/Src/usbd_ioreq.o
 .debug_macro   0x00000000000170f7      0x41b USB_DEVICE/App/usb_device.o
 .debug_macro   0x0000000000017512       0x22 USB_DEVICE/App/usb_device.o
 .debug_macro   0x0000000000017534      0x41e USB_DEVICE/App/usbd_desc.o
 .debug_macro   0x0000000000017952       0x1c USB_DEVICE/App/usbd_desc.o
 .debug_macro   0x000000000001796e      0x400 USB_DEVICE/App/usbd_dfu_if.o
 .debug_macro   0x0000000000017d6e      0x3fe USB_DEVICE/Target/usbd_conf.o

.debug_line     0x0000000000000000     0xe81e
 .debug_line    0x0000000000000000      0x9f7 Core/Src/main.o
 .debug_line    0x00000000000009f7      0x6b5 Core/Src/stm32f4xx_hal_msp.o
 .debug_line    0x00000000000010ac      0x78f Core/Src/stm32f4xx_it.o
 .debug_line    0x000000000000183b      0x73c Core/Src/system_stm32f4xx.o
 .debug_line    0x0000000000001f77       0x88 Core/Startup/startup_stm32f411ceux.o
 .debug_line    0x0000000000001fff      0x99c Drivers/STM32F4xx_HAL_Driver/Src/stm32f4xx_hal.o
 .debug_line    0x000000000000299b      0xc4b Drivers/STM32F4xx_HAL_Driver/Src/stm32f4xx_hal_cortex.o
 .debug_line    0x00000000000035e6      0xad8 Drivers/STM32F4xx_HAL_Driver/Src/stm32f4xx_hal_gpio.o
 .debug_line    0x00000000000040be     0x12e7 Drivers/STM32F4xx_HAL_Driver/Src/stm32f4xx_hal_pcd.o
 .debug_line    0x00000000000053a5      0x77f Drivers/STM32F4xx_HAL_Driver/Src/stm32f4xx_hal_pcd_ex.o
 .debug_line    0x0000000000005b24      0xd16 Drivers/STM32F4xx_HAL_Driver/Src/stm32f4xx_hal_rcc.o
 .debug_line    0x000000000000683a     0x186d Drivers/STM32F4xx_HAL_Driver/Src/stm32f4xx_ll_usb.o
 .debug_line    0x00000000000080a7     0x1149 Middlewares/ST/STM32_USB_Device_Library/Class/DFU/Src/usbd_dfu.o
 .debug_line    0x00000000000091f0      0xe01 Middlewares/ST/STM32_USB_Device_Library/Core/Src/usbd_core.o
 .debug_line    0x0000000000009ff1     0x109f Middlewares/ST/STM32_USB_Device_Library/Core/Src/usbd_ctlreq.o
 .debug_line    0x000000000000b090      0xa58 Middlewares/ST/STM32_USB_Device_Library/Core/Src/usbd_ioreq.o
 .debug_line    0x000000000000bae8      0xa14 USB_DEVICE/App/usb_device.o
 .debug_line    0x000000000000c4fc      0xadd USB_DEVICE/App/usbd_desc.o
 .debug_line    0x000000000000cfd9      0xa55 USB_DEVICE/App/usbd_dfu_if.o
 .debug_line    0x000000000000da2e      0xdf0 USB_DEVICE/Target/usbd_conf.o

.debug_str      0x0000000000000000    0x86cc5
 .debug_str     0x0000000000000000    0x83412 Core/Src/main.o
                                      0x83764 (size before relaxing)
 .debug_str     0x0000000000083412       0x2c Core/Src/stm32f4xx_hal_msp.o
                                      0x7e999 (size before relaxing)
 .debug_str     0x000000000008343e      0x442 Core/Src/stm32f4xx_it.o
                                      0x7ecca (size before relaxing)
 .debug_str     0x0000000000083880       0xec Core/Src/system_stm32f4xx.o
                                      0x7ea48 (size before relaxing)
 .debug_str     0x000000000008396c       0x36 Core/Startup/startup_stm32f411ceux.o
                                         0x65 (size before relaxing)
 .debug_str     0x00000000000839a2      0x90f Drivers/STM32F4xx_HAL_Driver/Src/stm32f4xx_hal.o
                                      0x7f395 (size before relaxing)
 .debug_str     0x00000000000842b1      0x3a5 Drivers/STM32F4xx_HAL_Driver/Src/stm32f4xx_hal_cortex.o
                                      0x7f172 (size before relaxing)
 .debug_str     0x0000000000084656      0x1cd Drivers/STM32F4xx_HAL_Driver/Src/stm32f4xx_hal_gpio.o
                                      0x7ebb2 (size before relaxing)
 .debug_str     0x0000000000084823      0x564 Drivers/STM32F4xx_HAL_Driver/Src/stm32f4xx_hal_pcd.o
                                      0x7f1e3 (size before relaxing)
 .debug_str     0x0000000000084d87      0x13f Drivers/STM32F4xx_HAL_Driver/Src/stm32f4xx_hal_pcd_ex.o
                                      0x7edae (size before relaxing)
 .debug_str     0x0000000000084ec6      0x269 Drivers/STM32F4xx_HAL_Driver/Src/stm32f4xx_hal_rcc.o
                                      0x7ee0d (size before relaxing)
 .debug_str     0x000000000008512f      0x69c Drivers/STM32F4xx_HAL_Driver/Src/stm32f4xx_ll_usb.o
                                      0x7f304 (size before relaxing)
 .debug_str     0x00000000000857cb      0xbb6 Middlewares/ST/STM32_USB_Device_Library/Class/DFU/Src/usbd_dfu.o
                                      0x8416e (size before relaxing)
 .debug_str     0x0000000000086381      0x1a2 Middlewares/ST/STM32_USB_Device_Library/Core/Src/usbd_core.o
                                      0x83ac4 (size before relaxing)
 .debug_str     0x0000000000086523      0x14d Middlewares/ST/STM32_USB_Device_Library/Core/Src/usbd_ctlreq.o
                                      0x83a82 (size before relaxing)
 .debug_str     0x0000000000086670       0xc9 Middlewares/ST/STM32_USB_Device_Library/Core/Src/usbd_ioreq.o
                                      0x839d2 (size before relaxing)
 .debug_str     0x0000000000086739       0xe6 USB_DEVICE/App/usb_device.o
                                      0x83f26 (size before relaxing)
 .debug_str     0x000000000008681f      0x261 USB_DEVICE/App/usbd_desc.o
                                      0x83910 (size before relaxing)
 .debug_str     0x0000000000086a80       0xf1 USB_DEVICE/App/usbd_dfu_if.o
                                      0x83f59 (size before relaxing)
 .debug_str     0x0000000000086b71      0x154 USB_DEVICE/Target/usbd_conf.o
                                      0x84a28 (size before relaxing)

.comment        0x0000000000000000       0x53
 .comment       0x0000000000000000       0x53 Core/Src/main.o
                                         0x54 (size before relaxing)
 .comment       0x0000000000000053       0x54 Core/Src/stm32f4xx_hal_msp.o
 .comment       0x0000000000000053       0x54 Core/Src/stm32f4xx_it.o
 .comment       0x0000000000000053       0x54 Core/Src/system_stm32f4xx.o
 .comment       0x0000000000000053       0x54 Drivers/STM32F4xx_HAL_Driver/Src/stm32f4xx_hal.o
 .comment       0x0000000000000053       0x54 Drivers/STM32F4xx_HAL_Driver/Src/stm32f4xx_hal_cortex.o
 .comment       0x0000000000000053       0x54 Drivers/STM32F4xx_HAL_Driver/Src/stm32f4xx_hal_gpio.o
 .comment       0x0000000000000053       0x54 Drivers/STM32F4xx_HAL_Driver/Src/stm32f4xx_hal_pcd.o
 .comment       0x0000000000000053       0x54 Drivers/STM32F4xx_HAL_Driver/Src/stm32f4xx_hal_pcd_ex.o
 .comment       0x0000000000000053       0x54 Drivers/STM32F4xx_HAL_Driver/Src/stm32f4xx_hal_rcc.o
 .comment       0x0000000000000053       0x54 Drivers/STM32F4xx_HAL_Driver/Src/stm32f4xx_ll_usb.o
 .comment       0x0000000000000053       0x54 Middlewares/ST/STM32_USB_Device_Library/Class/DFU/Src/usbd_dfu.o
 .comment       0x0000000000000053       0x54 Middlewares/ST/STM32_USB_Device_Library/Core/Src/usbd_core.o
 .comment       0x0000000000000053       0x54 Middlewares/ST/STM32_USB_Device_Library/Core/Src/usbd_ctlreq.o
 .comment       0x0000000000000053       0x54 Middlewares/ST/STM32_USB_Device_Library/Core/Src/usbd_ioreq.o
 .comment       0x0000000000000053       0x54 USB_DEVICE/App/usb_device.o
 .comment       0x0000000000000053       0x54 USB_DEVICE/App/usbd_desc.o
 .comment       0x0000000000000053       0x54 USB_DEVICE/App/usbd_dfu_if.o
 .comment       0x0000000000000053       0x54 USB_DEVICE/Target/usbd_conf.o

.debug_frame    0x0000000000000000     0x2bec
 .debug_frame   0x0000000000000000       0x90 Core/Src/main.o
 .debug_frame   0x0000000000000090       0x38 Core/Src/stm32f4xx_hal_msp.o
 .debug_frame   0x00000000000000c8      0x120 Core/Src/stm32f4xx_it.o
 .debug_frame   0x00000000000001e8       0x58 Core/Src/system_stm32f4xx.o
 .debug_frame   0x0000000000000240      0x374 Drivers/STM32F4xx_HAL_Driver/Src/stm32f4xx_hal.o
 .debug_frame   0x00000000000005b4      0x498 Drivers/STM32F4xx_HAL_Driver/Src/stm32f4xx_hal_cortex.o
 .debug_frame   0x0000000000000a4c      0x14c Drivers/STM32F4xx_HAL_Driver/Src/stm32f4xx_hal_gpio.o
 .debug_frame   0x0000000000000b98      0x574 Drivers/STM32F4xx_HAL_Driver/Src/stm32f4xx_hal_pcd.o
 .debug_frame   0x000000000000110c       0xb0 Drivers/STM32F4xx_HAL_Driver/Src/stm32f4xx_hal_pcd_ex.o
 .debug_frame   0x00000000000011bc      0x1ec Drivers/STM32F4xx_HAL_Driver/Src/stm32f4xx_hal_rcc.o
 .debug_frame   0x00000000000013a8      0x798 Drivers/STM32F4xx_HAL_Driver/Src/stm32f4xx_ll_usb.o
 .debug_frame   0x0000000000001b40      0x2cc Middlewares/ST/STM32_USB_Device_Library/Class/DFU/Src/usbd_dfu.o
 .debug_frame   0x0000000000001e0c      0x2f4 Middlewares/ST/STM32_USB_Device_Library/Core/Src/usbd_core.o
 .debug_frame   0x0000000000002100      0x23c Middlewares/ST/STM32_USB_Device_Library/Core/Src/usbd_ctlreq.o
 .debug_frame   0x000000000000233c      0x10c Middlewares/ST/STM32_USB_Device_Library/Core/Src/usbd_ioreq.o
 .debug_frame   0x0000000000002448       0x2c USB_DEVICE/App/usb_device.o
 .debug_frame   0x0000000000002474      0x160 USB_DEVICE/App/usbd_desc.o
 .debug_frame   0x00000000000025d4       0xf0 USB_DEVICE/App/usbd_dfu_if.o
 .debug_frame   0x00000000000026c4      0x47c USB_DEVICE/Target/usbd_conf.o
 .debug_frame   0x0000000000002b40       0x2c /home/lth/st/stm32cubeide_1.6.0/plugins/com.st.stm32cube.ide.mcu.externaltools.gnu-tools-for-stm32.9-2020-q2-update.linux64_1.5.0.202011040924/tools/bin/../lib/gcc/arm-none-eabi/9.3.1/../../../../arm-none-eabi/lib/thumb/v7e-m+fp/hard/libc_nano.a(lib_a-init.o)
 .debug_frame   0x0000000000002b6c       0x20 /home/lth/st/stm32cubeide_1.6.0/plugins/com.st.stm32cube.ide.mcu.externaltools.gnu-tools-for-stm32.9-2020-q2-update.linux64_1.5.0.202011040924/tools/bin/../lib/gcc/arm-none-eabi/9.3.1/../../../../arm-none-eabi/lib/thumb/v7e-m+fp/hard/libc_nano.a(lib_a-memset.o)
 .debug_frame   0x0000000000002b8c       0x2c /home/lth/st/stm32cubeide_1.6.0/plugins/com.st.stm32cube.ide.mcu.externaltools.gnu-tools-for-stm32.9-2020-q2-update.linux64_1.5.0.202011040924/tools/bin/../lib/gcc/arm-none-eabi/9.3.1/thumb/v7e-m+fp/hard/libgcc.a(_aeabi_uldivmod.o)
 .debug_frame   0x0000000000002bb8       0x34 /home/lth/st/stm32cubeide_1.6.0/plugins/com.st.stm32cube.ide.mcu.externaltools.gnu-tools-for-stm32.9-2020-q2-update.linux64_1.5.0.202011040924/tools/bin/../lib/gcc/arm-none-eabi/9.3.1/thumb/v7e-m+fp/hard/libgcc.a(_udivmoddi4.o)
